Archive member included to satisfy reference by file (symbol)

C:/ST/STM32CubeCLT_1.16.0/GNU-tools-for-STM32/bin/../lib/gcc/arm-none-eabi/12.3.1/../../../../arm-none-eabi/lib/thumb/v7-m/nofp\libc_nano.a(libc_a-exit.o)
                              C:/ST/STM32CubeCLT_1.16.0/GNU-tools-for-STM32/bin/../lib/gcc/arm-none-eabi/12.3.1/../../../../arm-none-eabi/lib/thumb/v7-m/nofp/crt0.o (exit)
C:/ST/STM32CubeCLT_1.16.0/GNU-tools-for-STM32/bin/../lib/gcc/arm-none-eabi/12.3.1/../../../../arm-none-eabi/lib/thumb/v7-m/nofp\libc_nano.a(libc_a-findfp.o)
                              C:/ST/STM32CubeCLT_1.16.0/GNU-tools-for-STM32/bin/../lib/gcc/arm-none-eabi/12.3.1/../../../../arm-none-eabi/lib/thumb/v7-m/nofp\libc_nano.a(libc_a-exit.o) (__stdio_exit_handler)
C:/ST/STM32CubeCLT_1.16.0/GNU-tools-for-STM32/bin/../lib/gcc/arm-none-eabi/12.3.1/../../../../arm-none-eabi/lib/thumb/v7-m/nofp\libc_nano.a(libc_a-fwalk.o)
                              C:/ST/STM32CubeCLT_1.16.0/GNU-tools-for-STM32/bin/../lib/gcc/arm-none-eabi/12.3.1/../../../../arm-none-eabi/lib/thumb/v7-m/nofp\libc_nano.a(libc_a-findfp.o) (_fwalk_sglue)
C:/ST/STM32CubeCLT_1.16.0/GNU-tools-for-STM32/bin/../lib/gcc/arm-none-eabi/12.3.1/../../../../arm-none-eabi/lib/thumb/v7-m/nofp\libc_nano.a(libc_a-stdio.o)
                              C:/ST/STM32CubeCLT_1.16.0/GNU-tools-for-STM32/bin/../lib/gcc/arm-none-eabi/12.3.1/../../../../arm-none-eabi/lib/thumb/v7-m/nofp\libc_nano.a(libc_a-findfp.o) (__sread)
C:/ST/STM32CubeCLT_1.16.0/GNU-tools-for-STM32/bin/../lib/gcc/arm-none-eabi/12.3.1/../../../../arm-none-eabi/lib/thumb/v7-m/nofp\libc_nano.a(libc_a-memset.o)
                              C:/ST/STM32CubeCLT_1.16.0/GNU-tools-for-STM32/bin/../lib/gcc/arm-none-eabi/12.3.1/../../../../arm-none-eabi/lib/thumb/v7-m/nofp/crt0.o (memset)
C:/ST/STM32CubeCLT_1.16.0/GNU-tools-for-STM32/bin/../lib/gcc/arm-none-eabi/12.3.1/../../../../arm-none-eabi/lib/thumb/v7-m/nofp\libc_nano.a(libc_a-closer.o)
                              C:/ST/STM32CubeCLT_1.16.0/GNU-tools-for-STM32/bin/../lib/gcc/arm-none-eabi/12.3.1/../../../../arm-none-eabi/lib/thumb/v7-m/nofp\libc_nano.a(libc_a-stdio.o) (_close_r)
C:/ST/STM32CubeCLT_1.16.0/GNU-tools-for-STM32/bin/../lib/gcc/arm-none-eabi/12.3.1/../../../../arm-none-eabi/lib/thumb/v7-m/nofp\libc_nano.a(libc_a-reent.o)
                              C:/ST/STM32CubeCLT_1.16.0/GNU-tools-for-STM32/bin/../lib/gcc/arm-none-eabi/12.3.1/../../../../arm-none-eabi/lib/thumb/v7-m/nofp\libc_nano.a(libc_a-closer.o) (errno)
C:/ST/STM32CubeCLT_1.16.0/GNU-tools-for-STM32/bin/../lib/gcc/arm-none-eabi/12.3.1/../../../../arm-none-eabi/lib/thumb/v7-m/nofp\libc_nano.a(libc_a-impure.o)
                              C:/ST/STM32CubeCLT_1.16.0/GNU-tools-for-STM32/bin/../lib/gcc/arm-none-eabi/12.3.1/../../../../arm-none-eabi/lib/thumb/v7-m/nofp\libc_nano.a(libc_a-reent.o) (_impure_ptr)
C:/ST/STM32CubeCLT_1.16.0/GNU-tools-for-STM32/bin/../lib/gcc/arm-none-eabi/12.3.1/../../../../arm-none-eabi/lib/thumb/v7-m/nofp\libc_nano.a(libc_a-lseekr.o)
                              C:/ST/STM32CubeCLT_1.16.0/GNU-tools-for-STM32/bin/../lib/gcc/arm-none-eabi/12.3.1/../../../../arm-none-eabi/lib/thumb/v7-m/nofp\libc_nano.a(libc_a-stdio.o) (_lseek_r)
C:/ST/STM32CubeCLT_1.16.0/GNU-tools-for-STM32/bin/../lib/gcc/arm-none-eabi/12.3.1/../../../../arm-none-eabi/lib/thumb/v7-m/nofp\libc_nano.a(libc_a-readr.o)
                              C:/ST/STM32CubeCLT_1.16.0/GNU-tools-for-STM32/bin/../lib/gcc/arm-none-eabi/12.3.1/../../../../arm-none-eabi/lib/thumb/v7-m/nofp\libc_nano.a(libc_a-stdio.o) (_read_r)
C:/ST/STM32CubeCLT_1.16.0/GNU-tools-for-STM32/bin/../lib/gcc/arm-none-eabi/12.3.1/../../../../arm-none-eabi/lib/thumb/v7-m/nofp\libc_nano.a(libc_a-writer.o)
                              C:/ST/STM32CubeCLT_1.16.0/GNU-tools-for-STM32/bin/../lib/gcc/arm-none-eabi/12.3.1/../../../../arm-none-eabi/lib/thumb/v7-m/nofp\libc_nano.a(libc_a-stdio.o) (_write_r)
C:/ST/STM32CubeCLT_1.16.0/GNU-tools-for-STM32/bin/../lib/gcc/arm-none-eabi/12.3.1/../../../../arm-none-eabi/lib/thumb/v7-m/nofp\libc_nano.a(libc_a-init.o)
                              C:/ST/STM32CubeCLT_1.16.0/GNU-tools-for-STM32/bin/../lib/gcc/arm-none-eabi/12.3.1/../../../../arm-none-eabi/lib/thumb/v7-m/nofp/crt0.o (__libc_init_array)
C:/ST/STM32CubeCLT_1.16.0/GNU-tools-for-STM32/bin/../lib/gcc/arm-none-eabi/12.3.1/../../../../arm-none-eabi/lib/thumb/v7-m/nofp\libc_nano.a(libc_a-lock.o)
                              C:/ST/STM32CubeCLT_1.16.0/GNU-tools-for-STM32/bin/../lib/gcc/arm-none-eabi/12.3.1/../../../../arm-none-eabi/lib/thumb/v7-m/nofp\libc_nano.a(libc_a-findfp.o) (__retarget_lock_init_recursive)
C:/ST/STM32CubeCLT_1.16.0/GNU-tools-for-STM32/bin/../lib/gcc/arm-none-eabi/12.3.1/../../../../arm-none-eabi/lib/thumb/v7-m/nofp\libc_nano.a(libc_a-freer.o)
                              C:/ST/STM32CubeCLT_1.16.0/GNU-tools-for-STM32/bin/../lib/gcc/arm-none-eabi/12.3.1/../../../../arm-none-eabi/lib/thumb/v7-m/nofp\libc_nano.a(libc_a-reent.o) (_free_r)
[...]
Memory Configuration

Name             Origin             Length             Attributes
RAM              0x20000000         0x00005000         xrw
FLASH            0x08000000         0x00020000         xr
*default*        0x00000000         0xffffffff

Linker script and memory map

LOAD C:/ST/STM32CubeCLT_1.16.0/GNU-tools-for-STM32/bin/../lib/gcc/arm-none-eabi/12.3.1/thumb/v7-m/nofp/crti.o
LOAD C:/ST/STM32CubeCLT_1.16.0/GNU-tools-for-STM32/bin/../lib/gcc/arm-none-eabi/12.3.1/thumb/v7-m/nofp/crtbegin.o
LOAD C:/ST/STM32CubeCLT_1.16.0/GNU-tools-for-STM32/bin/../lib/gcc/arm-none-eabi/12.3.1/../../../../arm-none-eabi/lib/thumb/v7-m/nofp/crt0.o
START GROUP
LOAD C:/ST/STM32CubeCLT_1.16.0/GNU-tools-for-STM32/bin/../lib/gcc/arm-none-eabi/12.3.1/../../../../arm-none-eabi/lib/thumb/v7-m/nofp\libc_nano.a
LOAD C:/ST/STM32CubeCLT_1.16.0/GNU-tools-for-STM32/bin/../lib/gcc/arm-none-eabi/12.3.1/../../../../arm-none-eabi/lib/thumb/v7-m/nofp\libm.a
END GROUP
LOAD CMakeFiles/l9963_test.dir/Core/Src/main.c.obj
LOAD CMakeFiles/l9963_test.dir/Core/Src/gpio.c.obj
LOAD CMakeFiles/l9963_test.dir/Core/Src/spi.c.obj
LOAD CMakeFiles/l9963_test.dir/Core/Src/usart.c.obj
LOAD CMakeFiles/l9963_test.dir/Core/Src/stm32f1xx_it.c.obj
LOAD CMakeFiles/l9963_test.dir/Core/Src/stm32f1xx_hal_msp.c.obj
LOAD CMakeFiles/l9963_test.dir/Core/Src/l9963_driver.c.obj
LOAD CMakeFiles/l9963_test.dir/Drivers/STM32F1xx_HAL_Driver/Src/stm32f1xx_hal_gpio_ex.c.obj
LOAD CMakeFiles/l9963_test.dir/Drivers/STM32F1xx_HAL_Driver/Src/stm32f1xx_hal_spi.c.obj
LOAD CMakeFiles/l9963_test.dir/Drivers/STM32F1xx_HAL_Driver/Src/stm32f1xx_hal.c.obj
LOAD CMakeFiles/l9963_test.dir/Drivers/STM32F1xx_HAL_Driver/Src/stm32f1xx_hal_rcc.c.obj
LOAD CMakeFiles/l9963_test.dir/Drivers/STM32F1xx_HAL_Driver/Src/stm32f1xx_hal_rcc_ex.c.obj
LOAD CMakeFiles/l9963_test.dir/Drivers/STM32F1xx_HAL_Driver/Src/stm32f1xx_hal_gpio.c.obj
LOAD CMakeFiles/l9963_test.dir/Drivers/STM32F1xx_HAL_Driver/Src/stm32f1xx_hal_dma.c.obj
LOAD CMakeFiles/l9963_test.dir/Drivers/STM32F1xx_HAL_Driver/Src/stm32f1xx_hal_cortex.c.obj
LOAD CMakeFiles/l9963_test.dir/Drivers/STM32F1xx_HAL_Driver/Src/stm32f1xx_hal_pwr.c.obj
LOAD CMakeFiles/l9963_test.dir/Drivers/STM32F1xx_HAL_Driver/Src/stm32f1xx_hal_flash.c.obj
LOAD CMakeFiles/l9963_test.dir/Drivers/STM32F1xx_HAL_Driver/Src/stm32f1xx_hal_flash_ex.c.obj
LOAD CMakeFiles/l9963_test.dir/Drivers/STM32F1xx_HAL_Driver/Src/stm32f1xx_hal_exti.c.obj
LOAD CMakeFiles/l9963_test.dir/Drivers/STM32F1xx_HAL_Driver/Src/stm32f1xx_hal_tim.c.obj
LOAD CMakeFiles/l9963_test.dir/Drivers/STM32F1xx_HAL_Driver/Src/stm32f1xx_hal_tim_ex.c.obj
LOAD CMakeFiles/l9963_test.dir/Drivers/STM32F1xx_HAL_Driver/Src/stm32f1xx_hal_uart.c.obj
LOAD CMakeFiles/l9963_test.dir/Core/Src/system_stm32f1xx.c.obj
LOAD CMakeFiles/l9963_test.dir/Core/Src/sysmem.c.obj
LOAD CMakeFiles/l9963_test.dir/Core/Src/syscalls.c.obj
LOAD CMakeFiles/l9963_test.dir/startup_stm32f103xb.s.obj
START GROUP
LOAD C:/ST/STM32CubeCLT_1.16.0/GNU-tools-for-STM32/bin/../lib/gcc/arm-none-eabi/12.3.1/thumb/v7-m/nofp\libgcc.a
LOAD C:/ST/STM32CubeCLT_1.16.0/GNU-tools-for-STM32/bin/../lib/gcc/arm-none-eabi/12.3.1/../../../../arm-none-eabi/lib/thumb/v7-m/nofp\libg_nano.a
LOAD C:/ST/STM32CubeCLT_1.16.0/GNU-tools-for-STM32/bin/../lib/gcc/arm-none-eabi/12.3.1/../../../../arm-none-eabi/lib/thumb/v7-m/nofp\libc_nano.a
END GROUP
START GROUP
LOAD C:/ST/STM32CubeCLT_1.16.0/GNU-tools-for-STM32/bin/../lib/gcc/arm-none-eabi/12.3.1/thumb/v7-m/nofp\libgcc.a
LOAD C:/ST/STM32CubeCLT_1.16.0/GNU-tools-for-STM32/bin/../lib/gcc/arm-none-eabi/12.3.1/../../../../arm-none-eabi/lib/thumb/v7-m/nofp\libc_nano.a
END GROUP
LOAD C:/ST/STM32CubeCLT_1.16.0/GNU-tools-for-STM32/bin/../lib/gcc/arm-none-eabi/12.3.1/thumb/v7-m/nofp/crtend.o
LOAD C:/ST/STM32CubeCLT_1.16.0/GNU-tools-for-STM32/bin/../lib/gcc/arm-none-eabi/12.3.1/thumb/v7-m/nofp/crtn.o
                0x20005000                        _estack = (ORIGIN (RAM) + LENGTH (RAM))
                0x00000200                        _Min_Heap_Size = 0x200
                0x00000400                        _Min_Stack_Size = 0x400

.isr_vector     0x08000000      0x10c
                0x08000000                        . = ALIGN (0x4)
 *(.isr_vector)
 .isr_vector    0x08000000      0x10c CMakeFiles/l9963_test.dir/startup_stm32f103xb.s.obj
                0x08000000                g_pfnVectors
                0x0800010c                        . = ALIGN (0x4)

.text           0x08000110     0x3d40
                0x08000110                        . = ALIGN (0x4)
 *(.text)
 .text          0x08000110       0x40 C:/ST/STM32CubeCLT_1.16.0/GNU-tools-for-STM32/bin/../lib/gcc/arm-none-eabi/12.3.1/thumb/v7-m/nofp/crtbegin.o
 .text          0x08000150      0x254 C:/ST/STM32CubeCLT_1.16.0/GNU-tools-for-STM32/bin/../lib/gcc/arm-none-eabi/12.3.1/thumb/v7-m/nofp\libgcc.a(_arm_muldf3.o)
                0x08000150                __muldf3
                0x08000150                __aeabi_dmul
 .text          0x080003a4      0x378 C:/ST/STM32CubeCLT_1.16.0/GNU-tools-for-STM32/bin/../lib/gcc/arm-none-eabi/12.3.1/thumb/v7-m/nofp\libgcc.a(_arm_addsubdf3.o)
                0x080003a4                __aeabi_drsub
                0x080003ac                __aeabi_dsub
                0x080003ac                __subdf3
                0x080003b0                __aeabi_dadd
                0x080003b0                __adddf3
                0x08000628                __floatunsidf
                0x08000628                __aeabi_ui2d
                0x08000648                __floatsidf
                0x08000648                __aeabi_i2d
                0x0800066c                __aeabi_f2d
                0x0800066c                __extendsfdf2
                0x080006b0                __floatundidf
                0x080006b0                __aeabi_ul2d
                0x080006c0                __floatdidf
                0x080006c0                __aeabi_l2d
 .text          0x0800071c       0xa0 C:/ST/STM32CubeCLT_1.16.0/GNU-tools-for-STM32/bin/../lib/gcc/arm-none-eabi/12.3.1/thumb/v7-m/nofp\libgcc.a(_arm_truncdfsf2.o)
                0x0800071c                __truncdfsf2
                0x0800071c                __aeabi_d2f
 .text          0x080007bc      0x21c C:/ST/STM32CubeCLT_1.16.0/GNU-tools-for-STM32/bin/../lib/gcc/arm-none-eabi/12.3.1/thumb/v7-m/nofp\libgcc.a(_arm_addsubsf3.o)
                0x080007bc                __aeabi_frsub
                0x080007c4                __subsf3
                0x080007c4                __aeabi_fsub
                0x080007c8                __aeabi_fadd
                0x080007c8                __addsf3
                0x08000928                __aeabi_ui2f
                0x08000928                __floatunsisf
                0x08000930                __aeabi_i2f
                0x08000930                __floatsisf
                0x0800094c                __aeabi_ul2f
                0x0800094c                __floatundisf
                0x0800095c                __aeabi_l2f
                0x0800095c                __floatdisf
 *(.text*)
 .text.memset   0x080009d8       0x10 C:/ST/STM32CubeCLT_1.16.0/GNU-tools-for-STM32/bin/../lib/gcc/arm-none-eabi/12.3.1/../../../../arm-none-eabi/lib/thumb/v7-m/nofp\libc_nano.a(libc_a-memset.o)
                0x080009d8                memset
 .text.__libc_init_array
                0x080009e8       0x48 C:/ST/STM32CubeCLT_1.16.0/GNU-tools-for-STM32/bin/../lib/gcc/arm-none-eabi/12.3.1/../../../../arm-none-eabi/lib/thumb/v7-m/nofp\libc_nano.a(libc_a-init.o)
                0x080009e8                __libc_init_array
 .text.__retarget_lock_acquire_recursive
                0x08000a30        0x2 C:/ST/STM32CubeCLT_1.16.0/GNU-tools-for-STM32/bin/../lib/gcc/arm-none-eabi/12.3.1/../../../../arm-none-eabi/lib/thumb/v7-m/nofp\libc_nano.a(libc_a-lock.o)
                0x08000a30                __retarget_lock_acquire_recursive
 .text.__retarget_lock_release_recursive
                0x08000a32        0x2 C:/ST/STM32CubeCLT_1.16.0/GNU-tools-for-STM32/bin/../lib/gcc/arm-none-eabi/12.3.1/../../../../arm-none-eabi/lib/thumb/v7-m/nofp\libc_nano.a(libc_a-lock.o)
                0x08000a32                __retarget_lock_release_recursive
 .text._free_r  0x08000a34       0x90 C:/ST/STM32CubeCLT_1.16.0/GNU-tools-for-STM32/bin/../lib/gcc/arm-none-eabi/12.3.1/../../../../arm-none-eabi/lib/thumb/v7-m/nofp\libc_nano.a(libc_a-freer.o)
                0x08000a34                _free_r
 .text.sbrk_aligned
                0x08000ac4       0x44 C:/ST/STM32CubeCLT_1.16.0/GNU-tools-for-STM32/bin/../lib/gcc/arm-none-eabi/12.3.1/../../../../arm-none-eabi/lib/thumb/v7-m/nofp\libc_nano.a(libc_a-mallocr.o)
 .text._malloc_r
                0x08000b08      0x100 C:/ST/STM32CubeCLT_1.16.0/GNU-tools-for-STM32/bin/../lib/gcc/arm-none-eabi/12.3.1/../../../../arm-none-eabi/lib/thumb/v7-m/nofp\libc_nano.a(libc_a-mallocr.o)
                0x08000b08                _malloc_r
 .text.__malloc_lock
                0x08000c08        0xc C:/ST/STM32CubeCLT_1.16.0/GNU-tools-for-STM32/bin/../lib/gcc/arm-none-eabi/12.3.1/../../../../arm-none-eabi/lib/thumb/v7-m/nofp\libc_nano.a(libc_a-mlock.o)
                0x08000c08                __malloc_lock
 .text.__malloc_unlock
                0x08000c14        0xc C:/ST/STM32CubeCLT_1.16.0/GNU-tools-for-STM32/bin/../lib/gcc/arm-none-eabi/12.3.1/../../../../arm-none-eabi/lib/thumb/v7-m/nofp\libc_nano.a(libc_a-mlock.o)
                0x08000c14                __malloc_unlock
 .text._sbrk_r  0x08000c20       0x20 C:/ST/STM32CubeCLT_1.16.0/GNU-tools-for-STM32/bin/../lib/gcc/arm-none-eabi/12.3.1/../../../../arm-none-eabi/lib/thumb/v7-m/nofp\libc_nano.a(libc_a-sbrkr.o)
                0x08000c20                _sbrk_r
 .text.main     0x08000c40       0x70 CMakeFiles/l9963_test.dir/Core/Src/main.c.obj
                0x08000c40                main
 .text.SystemClock_Config
                0x08000cb0       0x82 CMakeFiles/l9963_test.dir/Core/Src/main.c.obj
                0x08000cb0                SystemClock_Config
 .text.Error_Handler
                0x08000d32        0xc CMakeFiles/l9963_test.dir/Core/Src/main.c.obj
                0x08000d32                Error_Handler
 *fill*         0x08000d3e        0x2 
 .text.MX_GPIO_Init
                0x08000d40       0xd8 CMakeFiles/l9963_test.dir/Core/Src/gpio.c.obj
                0x08000d40                MX_GPIO_Init
 .text.MX_SPI1_Init
                0x08000e18       0x6c CMakeFiles/l9963_test.dir/Core/Src/spi.c.obj
                0x08000e18                MX_SPI1_Init
 .text.HAL_SPI_MspInit
                0x08000e84       0x94 CMakeFiles/l9963_test.dir/Core/Src/spi.c.obj
                0x08000e84                HAL_SPI_MspInit
 .text.MX_USART2_UART_Init
                0x08000f18       0x54 CMakeFiles/l9963_test.dir/Core/Src/usart.c.obj
                0x08000f18                MX_USART2_UART_Init
 .text.HAL_UART_MspInit
                0x08000f6c       0x7c CMakeFiles/l9963_test.dir/Core/Src/usart.c.obj
                0x08000f6c                HAL_UART_MspInit
 .text.NMI_Handler
                0x08000fe8        0x8 CMakeFiles/l9963_test.dir/Core/Src/stm32f1xx_it.c.obj
                0x08000fe8                NMI_Handler
 .text.HardFault_Handler
                0x08000ff0        0x8 CMakeFiles/l9963_test.dir/Core/Src/stm32f1xx_it.c.obj
                0x08000ff0                HardFault_Handler
 .text.MemManage_Handler
                0x08000ff8        0x8 CMakeFiles/l9963_test.dir/Core/Src/stm32f1xx_it.c.obj
                0x08000ff8                MemManage_Handler
 .text.BusFault_Handler
                0x08001000        0x8 CMakeFiles/l9963_test.dir/Core/Src/stm32f1xx_it.c.obj
                0x08001000                BusFault_Handler
 .text.UsageFault_Handler
                0x08001008        0x8 CMakeFiles/l9963_test.dir/Core/Src/stm32f1xx_it.c.obj
                0x08001008                UsageFault_Handler
 .text.SVC_Handler
                0x08001010        0xc CMakeFiles/l9963_test.dir/Core/Src/stm32f1xx_it.c.obj
                0x08001010                SVC_Handler
 .text.DebugMon_Handler
                0x0800101c        0xc CMakeFiles/l9963_test.dir/Core/Src/stm32f1xx_it.c.obj
                0x0800101c                DebugMon_Handler
 .text.PendSV_Handler
                0x08001028        0xc CMakeFiles/l9963_test.dir/Core/Src/stm32f1xx_it.c.obj
                0x08001028                PendSV_Handler
 .text.SysTick_Handler
                0x08001034        0xc CMakeFiles/l9963_test.dir/Core/Src/stm32f1xx_it.c.obj
                0x08001034                SysTick_Handler
 .text.EXTI15_10_IRQHandler
                0x08001040       0x10 CMakeFiles/l9963_test.dir/Core/Src/stm32f1xx_it.c.obj
                0x08001040                EXTI15_10_IRQHandler
 .text.HAL_MspInit
                0x08001050       0x64 CMakeFiles/l9963_test.dir/Core/Src/stm32f1xx_hal_msp.c.obj
                0x08001050                HAL_MspInit
 .text.l9963_init
                0x080010b4       0x94 CMakeFiles/l9963_test.dir/Core/Src/l9963_driver.c.obj
                0x080010b4                l9963_init
 .text.l9963_getVoltages
                0x08001148      0x1d4 CMakeFiles/l9963_test.dir/Core/Src/l9963_driver.c.obj
                0x08001148                l9963_getVoltages
 .text.l9963_config_wrapper
                0x0800131c      0x174 CMakeFiles/l9963_test.dir/Core/Src/l9963_driver.c.obj
 .text.l9963_transmission_wrapper
                0x08001490      0x2b4 CMakeFiles/l9963_test.dir/Core/Src/l9963_driver.c.obj
 .text.assembleMessage
                0x08001744      0x1c8 CMakeFiles/l9963_test.dir/Core/Src/l9963_driver.c.obj
 .text.calc_crc
                0x0800190c       0x88 CMakeFiles/l9963_test.dir/Core/Src/l9963_driver.c.obj
 .text.decipherMessage
                0x08001994      0x40c CMakeFiles/l9963_test.dir/Core/Src/l9963_driver.c.obj
 .text.HAL_SPI_Init
                0x08001da0      0x108 CMakeFiles/l9963_test.dir/Drivers/STM32F1xx_HAL_Driver/Src/stm32f1xx_hal_spi.c.obj
                0x08001da0                HAL_SPI_Init
 .text.HAL_SPI_TransmitReceive
                0x08001ea8      0x352 CMakeFiles/l9963_test.dir/Drivers/STM32F1xx_HAL_Driver/Src/stm32f1xx_hal_spi.c.obj
                0x08001ea8                HAL_SPI_TransmitReceive
 *fill*         0x080021fa        0x2 
 .text.SPI_WaitFlagStateUntilTimeout
                0x080021fc      0x110 CMakeFiles/l9963_test.dir/Drivers/STM32F1xx_HAL_Driver/Src/stm32f1xx_hal_spi.c.obj
 .text.SPI_EndRxTxTransaction
                0x0800230c       0x62 CMakeFiles/l9963_test.dir/Drivers/STM32F1xx_HAL_Driver/Src/stm32f1xx_hal_spi.c.obj
 *fill*         0x0800236e        0x2 
 .text.HAL_Init
                0x08002370       0x2c CMakeFiles/l9963_test.dir/Drivers/STM32F1xx_HAL_Driver/Src/stm32f1xx_hal.c.obj
                0x08002370                HAL_Init
 .text.HAL_InitTick
                0x0800239c       0x60 CMakeFiles/l9963_test.dir/Drivers/STM32F1xx_HAL_Driver/Src/stm32f1xx_hal.c.obj
                0x0800239c                HAL_InitTick
 .text.HAL_IncTick
                0x080023fc       0x24 CMakeFiles/l9963_test.dir/Drivers/STM32F1xx_HAL_Driver/Src/stm32f1xx_hal.c.obj
                0x080023fc                HAL_IncTick
 .text.HAL_GetTick
                0x08002420       0x14 CMakeFiles/l9963_test.dir/Drivers/STM32F1xx_HAL_Driver/Src/stm32f1xx_hal.c.obj
                0x08002420                HAL_GetTick
 .text.HAL_Delay
                0x08002434       0x48 CMakeFiles/l9963_test.dir/Drivers/STM32F1xx_HAL_Driver/Src/stm32f1xx_hal.c.obj
                0x08002434                HAL_Delay
 .text.HAL_RCC_OscConfig
                0x0800247c      0x504 CMakeFiles/l9963_test.dir/Drivers/STM32F1xx_HAL_Driver/Src/stm32f1xx_hal_rcc.c.obj
                0x0800247c                HAL_RCC_OscConfig
 .text.HAL_RCC_ClockConfig
                0x08002980      0x1d4 CMakeFiles/l9963_test.dir/Drivers/STM32F1xx_HAL_Driver/Src/stm32f1xx_hal_rcc.c.obj
                0x08002980                HAL_RCC_ClockConfig
 .text.HAL_RCC_GetSysClockFreq
                0x08002b54       0xa8 CMakeFiles/l9963_test.dir/Drivers/STM32F1xx_HAL_Driver/Src/stm32f1xx_hal_rcc.c.obj
                0x08002b54                HAL_RCC_GetSysClockFreq
 .text.HAL_RCC_GetHCLKFreq
                0x08002bfc       0x14 CMakeFiles/l9963_test.dir/Drivers/STM32F1xx_HAL_Driver/Src/stm32f1xx_hal_rcc.c.obj
                0x08002bfc                HAL_RCC_GetHCLKFreq
 .text.HAL_RCC_GetPCLK1Freq
                0x08002c10       0x28 CMakeFiles/l9963_test.dir/Drivers/STM32F1xx_HAL_Driver/Src/stm32f1xx_hal_rcc.c.obj
                0x08002c10                HAL_RCC_GetPCLK1Freq
 .text.HAL_RCC_GetPCLK2Freq
                0x08002c38       0x28 CMakeFiles/l9963_test.dir/Drivers/STM32F1xx_HAL_Driver/Src/stm32f1xx_hal_rcc.c.obj
                0x08002c38                HAL_RCC_GetPCLK2Freq
 .text.RCC_Delay
                0x08002c60       0x3c CMakeFiles/l9963_test.dir/Drivers/STM32F1xx_HAL_Driver/Src/stm32f1xx_hal_rcc.c.obj
 .text.HAL_GPIO_Init
                0x08002c9c      0x308 CMakeFiles/l9963_test.dir/Drivers/STM32F1xx_HAL_Driver/Src/stm32f1xx_hal_gpio.c.obj
                0x08002c9c                HAL_GPIO_Init
 .text.HAL_GPIO_WritePin
                0x08002fa4       0x30 CMakeFiles/l9963_test.dir/Drivers/STM32F1xx_HAL_Driver/Src/stm32f1xx_hal_gpio.c.obj
                0x08002fa4                HAL_GPIO_WritePin
 .text.HAL_GPIO_EXTI_IRQHandler
                0x08002fd4       0x30 CMakeFiles/l9963_test.dir/Drivers/STM32F1xx_HAL_Driver/Src/stm32f1xx_hal_gpio.c.obj
                0x08002fd4                HAL_GPIO_EXTI_IRQHandler
 .text.HAL_GPIO_EXTI_Callback
                0x08003004       0x14 CMakeFiles/l9963_test.dir/Drivers/STM32F1xx_HAL_Driver/Src/stm32f1xx_hal_gpio.c.obj
                0x08003004                HAL_GPIO_EXTI_Callback
 .text.__NVIC_SetPriorityGrouping
                0x08003018       0x48 CMakeFiles/l9963_test.dir/Drivers/STM32F1xx_HAL_Driver/Src/stm32f1xx_hal_cortex.c.obj
 .text.__NVIC_GetPriorityGrouping
                0x08003060       0x1c CMakeFiles/l9963_test.dir/Drivers/STM32F1xx_HAL_Driver/Src/stm32f1xx_hal_cortex.c.obj
 .text.__NVIC_EnableIRQ
                0x0800307c       0x38 CMakeFiles/l9963_test.dir/Drivers/STM32F1xx_HAL_Driver/Src/stm32f1xx_hal_cortex.c.obj
 .text.__NVIC_SetPriority
                0x080030b4       0x54 CMakeFiles/l9963_test.dir/Drivers/STM32F1xx_HAL_Driver/Src/stm32f1xx_hal_cortex.c.obj
 .text.NVIC_EncodePriority
                0x08003108       0x64 CMakeFiles/l9963_test.dir/Drivers/STM32F1xx_HAL_Driver/Src/stm32f1xx_hal_cortex.c.obj
 .text.SysTick_Config
                0x0800316c       0x44 CMakeFiles/l9963_test.dir/Drivers/STM32F1xx_HAL_Driver/Src/stm32f1xx_hal_cortex.c.obj
 .text.HAL_NVIC_SetPriorityGrouping
                0x080031b0       0x16 CMakeFiles/l9963_test.dir/Drivers/STM32F1xx_HAL_Driver/Src/stm32f1xx_hal_cortex.c.obj
                0x080031b0                HAL_NVIC_SetPriorityGrouping
 .text.HAL_NVIC_SetPriority
                0x080031c6       0x38 CMakeFiles/l9963_test.dir/Drivers/STM32F1xx_HAL_Driver/Src/stm32f1xx_hal_cortex.c.obj
                0x080031c6                HAL_NVIC_SetPriority
 .text.HAL_NVIC_EnableIRQ
                0x080031fe       0x1c CMakeFiles/l9963_test.dir/Drivers/STM32F1xx_HAL_Driver/Src/stm32f1xx_hal_cortex.c.obj
                0x080031fe                HAL_NVIC_EnableIRQ
 .text.HAL_SYSTICK_Config
                0x0800321a       0x18 CMakeFiles/l9963_test.dir/Drivers/STM32F1xx_HAL_Driver/Src/stm32f1xx_hal_cortex.c.obj
                0x0800321a                HAL_SYSTICK_Config
 .text.HAL_UART_Init
                0x08003232       0xa0 CMakeFiles/l9963_test.dir/Drivers/STM32F1xx_HAL_Driver/Src/stm32f1xx_hal_uart.c.obj
                0x08003232                HAL_UART_Init
 .text.HAL_UART_Transmit
                0x080032d2      0x116 CMakeFiles/l9963_test.dir/Drivers/STM32F1xx_HAL_Driver/Src/stm32f1xx_hal_uart.c.obj
                0x080032d2                HAL_UART_Transmit
 .text.UART_WaitOnFlagUntilTimeout
                0x080033e8       0xb2 CMakeFiles/l9963_test.dir/Drivers/STM32F1xx_HAL_Driver/Src/stm32f1xx_hal_uart.c.obj
 .text.UART_EndRxTransfer
                0x0800349a       0xc4 CMakeFiles/l9963_test.dir/Drivers/STM32F1xx_HAL_Driver/Src/stm32f1xx_hal_uart.c.obj
 *fill*         0x0800355e        0x2 
 .text.UART_SetConfig
                0x08003560      0x11c CMakeFiles/l9963_test.dir/Drivers/STM32F1xx_HAL_Driver/Src/stm32f1xx_hal_uart.c.obj
 .text.SystemInit
                0x0800367c        0xc CMakeFiles/l9963_test.dir/Core/Src/system_stm32f1xx.c.obj
                0x0800367c                SystemInit
 .text._sbrk    0x08003688       0x6c CMakeFiles/l9963_test.dir/Core/Src/sysmem.c.obj
                0x08003688                _sbrk
 .text.Reset_Handler
                0x080036f4       0x48 CMakeFiles/l9963_test.dir/startup_stm32f103xb.s.obj
                0x080036f4                Reset_Handler
 .text.Default_Handler
                0x0800373c        0x2 CMakeFiles/l9963_test.dir/startup_stm32f103xb.s.obj
                0x0800373c                RTC_Alarm_IRQHandler
                0x0800373c                EXTI2_IRQHandler
                0x0800373c                TIM1_CC_IRQHandler
                0x0800373c                PVD_IRQHandler
                0x0800373c                EXTI3_IRQHandler
                0x0800373c                EXTI0_IRQHandler
                0x0800373c                I2C2_EV_IRQHandler
                0x0800373c                ADC1_2_IRQHandler
                0x0800373c                SPI1_IRQHandler
                0x0800373c                TAMPER_IRQHandler
                0x0800373c                DMA1_Channel4_IRQHandler
                0x0800373c                USART3_IRQHandler
                0x0800373c                RTC_IRQHandler
                0x0800373c                DMA1_Channel7_IRQHandler
                0x0800373c                CAN1_RX1_IRQHandler
                0x0800373c                TIM4_IRQHandler
                0x0800373c                I2C1_EV_IRQHandler
                0x0800373c                DMA1_Channel6_IRQHandler
                0x0800373c                TIM3_IRQHandler
                0x0800373c                RCC_IRQHandler
                0x0800373c                TIM1_TRG_COM_IRQHandler
                0x0800373c                DMA1_Channel1_IRQHandler
                0x0800373c                Default_Handler
                0x0800373c                EXTI9_5_IRQHandler
                0x0800373c                SPI2_IRQHandler
                0x0800373c                DMA1_Channel5_IRQHandler
                0x0800373c                EXTI4_IRQHandler
                0x0800373c                USB_LP_CAN1_RX0_IRQHandler
                0x0800373c                USB_HP_CAN1_TX_IRQHandler
                0x0800373c                DMA1_Channel3_IRQHandler
                0x0800373c                TIM1_UP_IRQHandler
                0x0800373c                WWDG_IRQHandler
                0x0800373c                TIM2_IRQHandler
                0x0800373c                TIM1_BRK_IRQHandler
                0x0800373c                EXTI1_IRQHandler
                0x0800373c                USART2_IRQHandler
                0x0800373c                I2C2_ER_IRQHandler
                0x0800373c                DMA1_Channel2_IRQHandler
                0x0800373c                CAN1_SCE_IRQHandler
                0x0800373c                FLASH_IRQHandler
                0x0800373c                USART1_IRQHandler
                0x0800373c                I2C1_ER_IRQHandler
                0x0800373c                USBWakeUp_IRQHandler
 *fill*         0x0800373e        0x2 
 .text.sprintf  0x08003740       0x40 C:/ST/STM32CubeCLT_1.16.0/GNU-tools-for-STM32/bin/../lib/gcc/arm-none-eabi/12.3.1/../../../../arm-none-eabi/lib/thumb/v7-m/nofp\libg_nano.a(libc_a-sprintf.o)
                0x08003740                siprintf
                0x08003740                sprintf
 .text.__errno  0x08003780        0xc C:/ST/STM32CubeCLT_1.16.0/GNU-tools-for-STM32/bin/../lib/gcc/arm-none-eabi/12.3.1/../../../../arm-none-eabi/lib/thumb/v7-m/nofp\libg_nano.a(libc_a-errno.o)
                0x08003780                __errno
 .text.__ssputs_r
                0x0800378c       0xb6 C:/ST/STM32CubeCLT_1.16.0/GNU-tools-for-STM32/bin/../lib/gcc/arm-none-eabi/12.3.1/../../../../arm-none-eabi/lib/thumb/v7-m/nofp\libg_nano.a(libc_a-nano-svfprintf.o)
                0x0800378c                __ssputs_r
 *fill*         0x08003842        0x2 
 .text._svfprintf_r
                0x08003844      0x1f8 C:/ST/STM32CubeCLT_1.16.0/GNU-tools-for-STM32/bin/../lib/gcc/arm-none-eabi/12.3.1/../../../../arm-none-eabi/lib/thumb/v7-m/nofp\libg_nano.a(libc_a-nano-svfprintf.o)
                0x08003844                _svfiprintf_r
                0x08003844                _svfprintf_r
 .text._printf_common
                0x08003a3c       0xe4 C:/ST/STM32CubeCLT_1.16.0/GNU-tools-for-STM32/bin/../lib/gcc/arm-none-eabi/12.3.1/../../../../arm-none-eabi/lib/thumb/v7-m/nofp\libg_nano.a(libc_a-nano-vfprintf_i.o)
                0x08003a3c                _printf_common
 .text._printf_i
                0x08003b20      0x240 C:/ST/STM32CubeCLT_1.16.0/GNU-tools-for-STM32/bin/../lib/gcc/arm-none-eabi/12.3.1/../../../../arm-none-eabi/lib/thumb/v7-m/nofp\libg_nano.a(libc_a-nano-vfprintf_i.o)
                0x08003b20                _printf_i
 .text.memmove  0x08003d60       0x34 C:/ST/STM32CubeCLT_1.16.0/GNU-tools-for-STM32/bin/../lib/gcc/arm-none-eabi/12.3.1/../../../../arm-none-eabi/lib/thumb/v7-m/nofp\libg_nano.a(libc_a-memmove.o)
                0x08003d60                memmove
 .text.memchr   0x08003d94       0x1c C:/ST/STM32CubeCLT_1.16.0/GNU-tools-for-STM32/bin/../lib/gcc/arm-none-eabi/12.3.1/../../../../arm-none-eabi/lib/thumb/v7-m/nofp\libg_nano.a(libc_a-memchr-stub.o)
                0x08003d94                memchr
 .text.memcpy   0x08003db0       0x1c C:/ST/STM32CubeCLT_1.16.0/GNU-tools-for-STM32/bin/../lib/gcc/arm-none-eabi/12.3.1/../../../../arm-none-eabi/lib/thumb/v7-m/nofp\libg_nano.a(libc_a-memcpy-stub.o)
                0x08003db0                memcpy
 .text._realloc_r
                0x08003dcc       0x5c C:/ST/STM32CubeCLT_1.16.0/GNU-tools-for-STM32/bin/../lib/gcc/arm-none-eabi/12.3.1/../../../../arm-none-eabi/lib/thumb/v7-m/nofp\libg_nano.a(libc_a-reallocr.o)
                0x08003dcc                _realloc_r
 .text._malloc_usable_size_r
                0x08003e28       0x10 C:/ST/STM32CubeCLT_1.16.0/GNU-tools-for-STM32/bin/../lib/gcc/arm-none-eabi/12.3.1/../../../../arm-none-eabi/lib/thumb/v7-m/nofp\libg_nano.a(libc_a-msizer.o)
                0x08003e28                _malloc_usable_size_r
 *(.glue_7)
 .glue_7        0x08003e38        0x0 linker stubs
 *(.glue_7t)
 .glue_7t       0x08003e38        0x0 linker stubs
 *(.eh_frame)
 .eh_frame      0x08003e38        0x0 C:/ST/STM32CubeCLT_1.16.0/GNU-tools-for-STM32/bin/../lib/gcc/arm-none-eabi/12.3.1/thumb/v7-m/nofp/crtbegin.o
 *(.init)
 .init          0x08003e38        0x4 C:/ST/STM32CubeCLT_1.16.0/GNU-tools-for-STM32/bin/../lib/gcc/arm-none-eabi/12.3.1/thumb/v7-m/nofp/crti.o
                0x08003e38                _init
 .init          0x08003e3c        0x8 C:/ST/STM32CubeCLT_1.16.0/GNU-tools-for-STM32/bin/../lib/gcc/arm-none-eabi/12.3.1/thumb/v7-m/nofp/crtn.o
 *(.fini)
 .fini          0x08003e44        0x4 C:/ST/STM32CubeCLT_1.16.0/GNU-tools-for-STM32/bin/../lib/gcc/arm-none-eabi/12.3.1/thumb/v7-m/nofp/crti.o
                0x08003e44                _fini
 .fini          0x08003e48        0x8 C:/ST/STM32CubeCLT_1.16.0/GNU-tools-for-STM32/bin/../lib/gcc/arm-none-eabi/12.3.1/thumb/v7-m/nofp/crtn.o
                0x08003e50                        . = ALIGN (0x4)
                0x08003e50                        _etext = .

.vfp11_veneer   0x08003e50        0x0
 .vfp11_veneer  0x08003e50        0x0 linker stubs

.v4_bx          0x08003e50        0x0
 .v4_bx         0x08003e50        0x0 linker stubs

.iplt           0x08003e50        0x0
 .iplt          0x08003e50        0x0 C:/ST/STM32CubeCLT_1.16.0/GNU-tools-for-STM32/bin/../lib/gcc/arm-none-eabi/12.3.1/thumb/v7-m/nofp/crtbegin.o

.rodata         0x08003e50      0x1b4
                0x08003e50                        . = ALIGN (0x4)
 *(.rodata)
 .rodata        0x08003e50       0x12 CMakeFiles/l9963_test.dir/Core/Src/main.c.obj
 *fill*         0x08003e62        0x2 
 .rodata        0x08003e64      0x13e CMakeFiles/l9963_test.dir/Core/Src/l9963_driver.c.obj
 *(.rodata*)
 *fill*         0x08003fa2        0x2 
 .rodata.aPLLMULFactorTable.1
                0x08003fa4       0x10 CMakeFiles/l9963_test.dir/Drivers/STM32F1xx_HAL_Driver/Src/stm32f1xx_hal_rcc.c.obj
 .rodata.aPredivFactorTable.0
                0x08003fb4        0x2 CMakeFiles/l9963_test.dir/Drivers/STM32F1xx_HAL_Driver/Src/stm32f1xx_hal_rcc.c.obj
 *fill*         0x08003fb6        0x2 
 .rodata.AHBPrescTable
                0x08003fb8       0x10 CMakeFiles/l9963_test.dir/Core/Src/system_stm32f1xx.c.obj
                0x08003fb8                AHBPrescTable
 .rodata.APBPrescTable
                0x08003fc8        0x8 CMakeFiles/l9963_test.dir/Core/Src/system_stm32f1xx.c.obj
                0x08003fc8                APBPrescTable
 .rodata._svfprintf_r.str1.1
                0x08003fd0       0x11 C:/ST/STM32CubeCLT_1.16.0/GNU-tools-for-STM32/bin/../lib/gcc/arm-none-eabi/12.3.1/../../../../arm-none-eabi/lib/thumb/v7-m/nofp\libg_nano.a(libc_a-nano-svfprintf.o)
 .rodata._printf_i.str1.1
                0x08003fe1       0x22 C:/ST/STM32CubeCLT_1.16.0/GNU-tools-for-STM32/bin/../lib/gcc/arm-none-eabi/12.3.1/../../../../arm-none-eabi/lib/thumb/v7-m/nofp\libg_nano.a(libc_a-nano-vfprintf_i.o)
                0x08004004                        . = ALIGN (0x4)
 *fill*         0x08004003        0x1 

.rel.dyn        0x08004004        0x0
 .rel.iplt      0x08004004        0x0 C:/ST/STM32CubeCLT_1.16.0/GNU-tools-for-STM32/bin/../lib/gcc/arm-none-eabi/12.3.1/thumb/v7-m/nofp/crtbegin.o

.ARM.extab
 *(.ARM.extab* .gnu.linkonce.armextab.*)

.ARM            0x08004004        0x0
                0x08004004                        __exidx_start = .
 *(.ARM.exidx*)
                0x08004004                        __exidx_end = .

.preinit_array  0x08004004        0x0
                0x08004004                        PROVIDE (__preinit_array_start = .)
 *(.preinit_array*)
                0x08004004                        PROVIDE (__preinit_array_end = .)

.init_array     0x08004004        0x4
                0x08004004                        PROVIDE (__init_array_start = .)
 *(SORT_BY_NAME(.init_array.*))
 *(.init_array*)
 .init_array    0x08004004        0x4 C:/ST/STM32CubeCLT_1.16.0/GNU-tools-for-STM32/bin/../lib/gcc/arm-none-eabi/12.3.1/thumb/v7-m/nofp/crtbegin.o
                0x08004008                        PROVIDE (__init_array_end = .)

.fini_array     0x08004008        0x4
                [!provide]                        PROVIDE (__fini_array_start = .)
 *(SORT_BY_NAME(.fini_array.*))
 *(.fini_array*)
 .fini_array    0x08004008        0x4 C:/ST/STM32CubeCLT_1.16.0/GNU-tools-for-STM32/bin/../lib/gcc/arm-none-eabi/12.3.1/thumb/v7-m/nofp/crtbegin.o
                [!provide]                        PROVIDE (__fini_array_end = .)
                0x0800400c                        _sidata = LOADADDR (.data)

.data           0x20000000       0x5c load address 0x0800400c
                0x20000000                        . = ALIGN (0x4)
                0x20000000                        _sdata = .
 *(.data)
 *(.data*)
 .data._impure_ptr
                0x20000000        0x4 C:/ST/STM32CubeCLT_1.16.0/GNU-tools-for-STM32/bin/../lib/gcc/arm-none-eabi/12.3.1/../../../../arm-none-eabi/lib/thumb/v7-m/nofp\libc_nano.a(libc_a-impure.o)
                0x20000000                _impure_ptr
 .data._impure_data
                0x20000004       0x4c C:/ST/STM32CubeCLT_1.16.0/GNU-tools-for-STM32/bin/../lib/gcc/arm-none-eabi/12.3.1/../../../../arm-none-eabi/lib/thumb/v7-m/nofp\libc_nano.a(libc_a-impure.o)
                0x20000004                _impure_data
 .data.uwTickPrio
                0x20000050        0x4 CMakeFiles/l9963_test.dir/Drivers/STM32F1xx_HAL_Driver/Src/stm32f1xx_hal.c.obj
                0x20000050                uwTickPrio
 .data.uwTickFreq
                0x20000054        0x1 CMakeFiles/l9963_test.dir/Drivers/STM32F1xx_HAL_Driver/Src/stm32f1xx_hal.c.obj
                0x20000054                uwTickFreq
 *fill*         0x20000055        0x3 
 .data.SystemCoreClock
                0x20000058        0x4 CMakeFiles/l9963_test.dir/Core/Src/system_stm32f1xx.c.obj
                0x20000058                SystemCoreClock
                0x2000005c                        . = ALIGN (0x4)
                0x2000005c                        _edata = .

.igot.plt       0x2000005c        0x0 load address 0x08004068
 .igot.plt      0x2000005c        0x0 C:/ST/STM32CubeCLT_1.16.0/GNU-tools-for-STM32/bin/../lib/gcc/arm-none-eabi/12.3.1/thumb/v7-m/nofp/crtbegin.o
                0x2000005c                        . = ALIGN (0x4)

.bss            0x20000060      0x310 load address 0x08004068
                0x20000060                        _sbss = .
                0x20000060                        __bss_start__ = _sbss
 *(.bss)
 .bss           0x20000060       0x1c C:/ST/STM32CubeCLT_1.16.0/GNU-tools-for-STM32/bin/../lib/gcc/arm-none-eabi/12.3.1/thumb/v7-m/nofp/crtbegin.o
 *(.bss*)
 .bss.__sf      0x2000007c      0x138 C:/ST/STM32CubeCLT_1.16.0/GNU-tools-for-STM32/bin/../lib/gcc/arm-none-eabi/12.3.1/../../../../arm-none-eabi/lib/thumb/v7-m/nofp\libc_nano.a(libc_a-findfp.o)
                0x2000007c                __sf
 .bss.errno     0x200001b4        0x4 C:/ST/STM32CubeCLT_1.16.0/GNU-tools-for-STM32/bin/../lib/gcc/arm-none-eabi/12.3.1/../../../../arm-none-eabi/lib/thumb/v7-m/nofp\libc_nano.a(libc_a-reent.o)
                0x200001b4                errno
 .bss.__lock___malloc_recursive_mutex
                0x200001b8        0x1 C:/ST/STM32CubeCLT_1.16.0/GNU-tools-for-STM32/bin/../lib/gcc/arm-none-eabi/12.3.1/../../../../arm-none-eabi/lib/thumb/v7-m/nofp\libc_nano.a(libc_a-lock.o)
                0x200001b8                __lock___malloc_recursive_mutex
 *fill*         0x200001b9        0x3 
 .bss.__malloc_sbrk_start
                0x200001bc        0x4 C:/ST/STM32CubeCLT_1.16.0/GNU-tools-for-STM32/bin/../lib/gcc/arm-none-eabi/12.3.1/../../../../arm-none-eabi/lib/thumb/v7-m/nofp\libc_nano.a(libc_a-mallocr.o)
                0x200001bc                __malloc_sbrk_start
 .bss.__malloc_free_list
                0x200001c0        0x4 C:/ST/STM32CubeCLT_1.16.0/GNU-tools-for-STM32/bin/../lib/gcc/arm-none-eabi/12.3.1/../../../../arm-none-eabi/lib/thumb/v7-m/nofp\libc_nano.a(libc_a-mallocr.o)
                0x200001c0                __malloc_free_list
 .bss.uart_buf2
                0x200001c4       0x32 CMakeFiles/l9963_test.dir/Core/Src/main.c.obj
                0x200001c4                uart_buf2
 *fill*         0x200001f6        0x2 
 .bss.uart_buf_len2
                0x200001f8        0x4 CMakeFiles/l9963_test.dir/Core/Src/main.c.obj
                0x200001f8                uart_buf_len2
 .bss.voltages  0x200001fc       0x40 CMakeFiles/l9963_test.dir/Core/Src/main.c.obj
                0x200001fc                voltages
 .bss.hspi1     0x2000023c       0x58 CMakeFiles/l9963_test.dir/Core/Src/spi.c.obj
                0x2000023c                hspi1
 .bss.huart2    0x20000294       0x48 CMakeFiles/l9963_test.dir/Core/Src/usart.c.obj
                0x20000294                huart2
 .bss.spi_buf   0x200002dc        0x5 CMakeFiles/l9963_test.dir/Core/Src/l9963_driver.c.obj
                0x200002dc                spi_buf
 *fill*         0x200002e1        0x7 
 .bss.message_non_crc
                0x200002e8        0x8 CMakeFiles/l9963_test.dir/Core/Src/l9963_driver.c.obj
                0x200002e8                message_non_crc
 .bss.crc_value
                0x200002f0        0x1 CMakeFiles/l9963_test.dir/Core/Src/l9963_driver.c.obj
                0x200002f0                crc_value
 *fill*         0x200002f1        0x7 
 .bss.crc_expanded
                0x200002f8        0x8 CMakeFiles/l9963_test.dir/Core/Src/l9963_driver.c.obj
                0x200002f8                crc_expanded
 .bss.message_crc
                0x20000300        0x8 CMakeFiles/l9963_test.dir/Core/Src/l9963_driver.c.obj
                0x20000300                message_crc
 .bss.spi_receive
                0x20000308        0x5 CMakeFiles/l9963_test.dir/Core/Src/l9963_driver.c.obj
                0x20000308                spi_receive
 *fill*         0x2000030d        0x3 
 .bss.message_complete
                0x20000310        0x8 CMakeFiles/l9963_test.dir/Core/Src/l9963_driver.c.obj
                0x20000310                message_complete
 .bss.CRC_received
                0x20000318        0x1 CMakeFiles/l9963_test.dir/Core/Src/l9963_driver.c.obj
                0x20000318                CRC_received
 .bss.CRC_receive_calc
                0x20000319        0x1 CMakeFiles/l9963_test.dir/Core/Src/l9963_driver.c.obj
                0x20000319                CRC_receive_calc
 *fill*         0x2000031a        0x2 
 .bss.default_buf
                0x2000031c        0x4 CMakeFiles/l9963_test.dir/Core/Src/l9963_driver.c.obj
                0x2000031c                default_buf
 .bss.uart_buf  0x20000320       0x32 CMakeFiles/l9963_test.dir/Core/Src/l9963_driver.c.obj
                0x20000320                uart_buf
 *fill*         0x20000352        0x2 
 .bss.uart_buf_len
                0x20000354        0x4 CMakeFiles/l9963_test.dir/Core/Src/l9963_driver.c.obj
                0x20000354                uart_buf_len
 .bss.inc_msg   0x20000358       0x10 CMakeFiles/l9963_test.dir/Core/Src/l9963_driver.c.obj
                0x20000358                inc_msg
 .bss.uwTick    0x20000368        0x4 CMakeFiles/l9963_test.dir/Drivers/STM32F1xx_HAL_Driver/Src/stm32f1xx_hal.c.obj
                0x20000368                uwTick
 .bss.__sbrk_heap_end
                0x2000036c        0x4 CMakeFiles/l9963_test.dir/Core/Src/sysmem.c.obj
 *(COMMON)
                0x20000370                        . = ALIGN (0x4)
                0x20000370                        _ebss = .
                0x20000370                        __bss_end__ = _ebss

._user_heap_stack
                0x20000370      0x600 load address 0x08004068
                0x20000370                        . = ALIGN (0x8)
                [!provide]                        PROVIDE (end = .)
                0x20000370                        PROVIDE (_end = .)
                0x20000570                        . = (. + _Min_Heap_Size)
 *fill*         0x20000370      0x200 
                0x20000970                        . = (. + _Min_Stack_Size)
 *fill*         0x20000570      0x400 
                0x20000970                        . = ALIGN (0x8)

/DISCARD/
 libc.a(*)
 libm.a(*)
 libgcc.a(*)

.ARM.attributes
                0x00000000       0x29
 *(.ARM.attributes)
 .ARM.attributes
                0x00000000       0x1d C:/ST/STM32CubeCLT_1.16.0/GNU-tools-for-STM32/bin/../lib/gcc/arm-none-eabi/12.3.1/thumb/v7-m/nofp/crti.o
 .ARM.attributes
                0x0000001d       0x2d C:/ST/STM32CubeCLT_1.16.0/GNU-tools-for-STM32/bin/../lib/gcc/arm-none-eabi/12.3.1/thumb/v7-m/nofp/crtbegin.o
 .ARM.attributes
                0x0000004a       0x2d C:/ST/STM32CubeCLT_1.16.0/GNU-tools-for-STM32/bin/../lib/gcc/arm-none-eabi/12.3.1/../../../../arm-none-eabi/lib/thumb/v7-m/nofp\libc_nano.a(libc_a-findfp.o)
 .ARM.attributes
                0x00000077       0x2d C:/ST/STM32CubeCLT_1.16.0/GNU-tools-for-STM32/bin/../lib/gcc/arm-none-eabi/12.3.1/../../../../arm-none-eabi/lib/thumb/v7-m/nofp\libc_nano.a(libc_a-memset.o)
 .ARM.attributes
                0x000000a4       0x2d C:/ST/STM32CubeCLT_1.16.0/GNU-tools-for-STM32/bin/../lib/gcc/arm-none-eabi/12.3.1/../../../../arm-none-eabi/lib/thumb/v7-m/nofp\libc_nano.a(libc_a-reent.o)
 .ARM.attributes
                0x000000d1       0x2d C:/ST/STM32CubeCLT_1.16.0/GNU-tools-for-STM32/bin/../lib/gcc/arm-none-eabi/12.3.1/../../../../arm-none-eabi/lib/thumb/v7-m/nofp\libc_nano.a(libc_a-impure.o)
 .ARM.attributes
                0x000000fe       0x2d C:/ST/STM32CubeCLT_1.16.0/GNU-tools-for-STM32/bin/../lib/gcc/arm-none-eabi/12.3.1/../../../../arm-none-eabi/lib/thumb/v7-m/nofp\libc_nano.a(libc_a-init.o)
 .ARM.attributes
                0x0000012b       0x2d C:/ST/STM32CubeCLT_1.16.0/GNU-tools-for-STM32/bin/../lib/gcc/arm-none-eabi/12.3.1/../../../../arm-none-eabi/lib/thumb/v7-m/nofp\libc_nano.a(libc_a-lock.o)
 .ARM.attributes
                0x00000158       0x2d C:/ST/STM32CubeCLT_1.16.0/GNU-tools-for-STM32/bin/../lib/gcc/arm-none-eabi/12.3.1/../../../../arm-none-eabi/lib/thumb/v7-m/nofp\libc_nano.a(libc_a-freer.o)
 .ARM.attributes
                0x00000185       0x2d C:/ST/STM32CubeCLT_1.16.0/GNU-tools-for-STM32/bin/../lib/gcc/arm-none-eabi/12.3.1/../../../../arm-none-eabi/lib/thumb/v7-m/nofp\libc_nano.a(libc_a-mallocr.o)
 .ARM.attributes
                0x000001b2       0x2d C:/ST/STM32CubeCLT_1.16.0/GNU-tools-for-STM32/bin/../lib/gcc/arm-none-eabi/12.3.1/../../../../arm-none-eabi/lib/thumb/v7-m/nofp\libc_nano.a(libc_a-mlock.o)
 .ARM.attributes
                0x000001df       0x2d C:/ST/STM32CubeCLT_1.16.0/GNU-tools-for-STM32/bin/../lib/gcc/arm-none-eabi/12.3.1/../../../../arm-none-eabi/lib/thumb/v7-m/nofp\libc_nano.a(libc_a-sbrkr.o)
 .ARM.attributes
                0x0000020c       0x2d CMakeFiles/l9963_test.dir/Core/Src/main.c.obj
 .ARM.attributes
                0x00000239       0x2d CMakeFiles/l9963_test.dir/Core/Src/gpio.c.obj
 .ARM.attributes
                0x00000266       0x2d CMakeFiles/l9963_test.dir/Core/Src/spi.c.obj
 .ARM.attributes
                0x00000293       0x2d CMakeFiles/l9963_test.dir/Core/Src/usart.c.obj
 .ARM.attributes
                0x000002c0       0x2d CMakeFiles/l9963_test.dir/Core/Src/stm32f1xx_it.c.obj
 .ARM.attributes
                0x000002ed       0x2d CMakeFiles/l9963_test.dir/Core/Src/stm32f1xx_hal_msp.c.obj
 .ARM.attributes
                0x0000031a       0x2d CMakeFiles/l9963_test.dir/Core/Src/l9963_driver.c.obj
 .ARM.attributes
                0x00000347       0x2d CMakeFiles/l9963_test.dir/Drivers/STM32F1xx_HAL_Driver/Src/stm32f1xx_hal_spi.c.obj
 .ARM.attributes
                0x00000374       0x2d CMakeFiles/l9963_test.dir/Drivers/STM32F1xx_HAL_Driver/Src/stm32f1xx_hal.c.obj
 .ARM.attributes
                0x000003a1       0x2d CMakeFiles/l9963_test.dir/Drivers/STM32F1xx_HAL_Driver/Src/stm32f1xx_hal_rcc.c.obj
 .ARM.attributes
                0x000003ce       0x2d CMakeFiles/l9963_test.dir/Drivers/STM32F1xx_HAL_Driver/Src/stm32f1xx_hal_gpio.c.obj
 .ARM.attributes
                0x000003fb       0x2d CMakeFiles/l9963_test.dir/Drivers/STM32F1xx_HAL_Driver/Src/stm32f1xx_hal_cortex.c.obj
 .ARM.attributes
                0x00000428       0x2d CMakeFiles/l9963_test.dir/Drivers/STM32F1xx_HAL_Driver/Src/stm32f1xx_hal_uart.c.obj
 .ARM.attributes
                0x00000455       0x2d CMakeFiles/l9963_test.dir/Core/Src/system_stm32f1xx.c.obj
 .ARM.attributes
                0x00000482       0x2d CMakeFiles/l9963_test.dir/Core/Src/sysmem.c.obj
 .ARM.attributes
                0x000004af       0x21 CMakeFiles/l9963_test.dir/startup_stm32f103xb.s.obj
 .ARM.attributes
                0x000004d0       0x1d C:/ST/STM32CubeCLT_1.16.0/GNU-tools-for-STM32/bin/../lib/gcc/arm-none-eabi/12.3.1/thumb/v7-m/nofp\libgcc.a(_arm_muldf3.o)
 .ARM.attributes
                0x000004ed       0x1d C:/ST/STM32CubeCLT_1.16.0/GNU-tools-for-STM32/bin/../lib/gcc/arm-none-eabi/12.3.1/thumb/v7-m/nofp\libgcc.a(_arm_addsubdf3.o)
 .ARM.attributes
                0x0000050a       0x1d C:/ST/STM32CubeCLT_1.16.0/GNU-tools-for-STM32/bin/../lib/gcc/arm-none-eabi/12.3.1/thumb/v7-m/nofp\libgcc.a(_arm_truncdfsf2.o)
 .ARM.attributes
                0x00000527       0x1d C:/ST/STM32CubeCLT_1.16.0/GNU-tools-for-STM32/bin/../lib/gcc/arm-none-eabi/12.3.1/thumb/v7-m/nofp\libgcc.a(_arm_addsubsf3.o)
 .ARM.attributes
                0x00000544       0x2d C:/ST/STM32CubeCLT_1.16.0/GNU-tools-for-STM32/bin/../lib/gcc/arm-none-eabi/12.3.1/../../../../arm-none-eabi/lib/thumb/v7-m/nofp\libg_nano.a(libc_a-sprintf.o)
 .ARM.attributes
                0x00000571       0x2d C:/ST/STM32CubeCLT_1.16.0/GNU-tools-for-STM32/bin/../lib/gcc/arm-none-eabi/12.3.1/../../../../arm-none-eabi/lib/thumb/v7-m/nofp\libg_nano.a(libc_a-errno.o)
 .ARM.attributes
                0x0000059e       0x2d C:/ST/STM32CubeCLT_1.16.0/GNU-tools-for-STM32/bin/../lib/gcc/arm-none-eabi/12.3.1/../../../../arm-none-eabi/lib/thumb/v7-m/nofp\libg_nano.a(libc_a-nano-svfprintf.o)
 .ARM.attributes
                0x000005cb       0x2d C:/ST/STM32CubeCLT_1.16.0/GNU-tools-for-STM32/bin/../lib/gcc/arm-none-eabi/12.3.1/../../../../arm-none-eabi/lib/thumb/v7-m/nofp\libg_nano.a(libc_a-nano-vfprintf_i.o)
 .ARM.attributes
                0x000005f8       0x2d C:/ST/STM32CubeCLT_1.16.0/GNU-tools-for-STM32/bin/../lib/gcc/arm-none-eabi/12.3.1/../../../../arm-none-eabi/lib/thumb/v7-m/nofp\libg_nano.a(libc_a-memmove.o)
 .ARM.attributes
                0x00000625       0x2d C:/ST/STM32CubeCLT_1.16.0/GNU-tools-for-STM32/bin/../lib/gcc/arm-none-eabi/12.3.1/../../../../arm-none-eabi/lib/thumb/v7-m/nofp\libg_nano.a(libc_a-memchr-stub.o)
 .ARM.attributes
                0x00000652       0x2d C:/ST/STM32CubeCLT_1.16.0/GNU-tools-for-STM32/bin/../lib/gcc/arm-none-eabi/12.3.1/../../../../arm-none-eabi/lib/thumb/v7-m/nofp\libg_nano.a(libc_a-memcpy-stub.o)
 .ARM.attributes
                0x0000067f       0x2d C:/ST/STM32CubeCLT_1.16.0/GNU-tools-for-STM32/bin/../lib/gcc/arm-none-eabi/12.3.1/../../../../arm-none-eabi/lib/thumb/v7-m/nofp\libg_nano.a(libc_a-reallocr.o)
 .ARM.attributes
                0x000006ac       0x2d C:/ST/STM32CubeCLT_1.16.0/GNU-tools-for-STM32/bin/../lib/gcc/arm-none-eabi/12.3.1/../../../../arm-none-eabi/lib/thumb/v7-m/nofp\libg_nano.a(libc_a-msizer.o)
 .ARM.attributes
                0x000006d9       0x1d C:/ST/STM32CubeCLT_1.16.0/GNU-tools-for-STM32/bin/../lib/gcc/arm-none-eabi/12.3.1/thumb/v7-m/nofp/crtn.o
OUTPUT(l9963_test.elf elf32-littlearm)
LOAD linker stubs
LOAD C:/ST/STM32CubeCLT_1.16.0/GNU-tools-for-STM32/bin/../lib/gcc/arm-none-eabi/12.3.1/../../../../arm-none-eabi/lib/thumb/v7-m/nofp\libc.a
LOAD C:/ST/STM32CubeCLT_1.16.0/GNU-tools-for-STM32/bin/../lib/gcc/arm-none-eabi/12.3.1/../../../../arm-none-eabi/lib/thumb/v7-m/nofp\libm.a
LOAD C:/ST/STM32CubeCLT_1.16.0/GNU-tools-for-STM32/bin/../lib/gcc/arm-none-eabi/12.3.1/thumb/v7-m/nofp\libgcc.a

.debug_frame    0x00000000     0x287c
 .debug_frame   0x00000000      0x144 C:/ST/STM32CubeCLT_1.16.0/GNU-tools-for-STM32/bin/../lib/gcc/arm-none-eabi/12.3.1/../../../../arm-none-eabi/lib/thumb/v7-m/nofp\libc_nano.a(libc_a-findfp.o)
 .debug_frame   0x00000144       0x20 C:/ST/STM32CubeCLT_1.16.0/GNU-tools-for-STM32/bin/../lib/gcc/arm-none-eabi/12.3.1/../../../../arm-none-eabi/lib/thumb/v7-m/nofp\libc_nano.a(libc_a-memset.o)
 .debug_frame   0x00000164       0x38 C:/ST/STM32CubeCLT_1.16.0/GNU-tools-for-STM32/bin/../lib/gcc/arm-none-eabi/12.3.1/../../../../arm-none-eabi/lib/thumb/v7-m/nofp\libc_nano.a(libc_a-reent.o)
 .debug_frame   0x0000019c       0x2c C:/ST/STM32CubeCLT_1.16.0/GNU-tools-for-STM32/bin/../lib/gcc/arm-none-eabi/12.3.1/../../../../arm-none-eabi/lib/thumb/v7-m/nofp\libc_nano.a(libc_a-init.o)
 .debug_frame   0x000001c8       0xb0 C:/ST/STM32CubeCLT_1.16.0/GNU-tools-for-STM32/bin/../lib/gcc/arm-none-eabi/12.3.1/../../../../arm-none-eabi/lib/thumb/v7-m/nofp\libc_nano.a(libc_a-lock.o)
 .debug_frame   0x00000278       0x38 C:/ST/STM32CubeCLT_1.16.0/GNU-tools-for-STM32/bin/../lib/gcc/arm-none-eabi/12.3.1/../../../../arm-none-eabi/lib/thumb/v7-m/nofp\libc_nano.a(libc_a-freer.o)
 .debug_frame   0x000002b0       0x50 C:/ST/STM32CubeCLT_1.16.0/GNU-tools-for-STM32/bin/../lib/gcc/arm-none-eabi/12.3.1/../../../../arm-none-eabi/lib/thumb/v7-m/nofp\libc_nano.a(libc_a-mallocr.o)
 .debug_frame   0x00000300       0x30 C:/ST/STM32CubeCLT_1.16.0/GNU-tools-for-STM32/bin/../lib/gcc/arm-none-eabi/12.3.1/../../../../arm-none-eabi/lib/thumb/v7-m/nofp\libc_nano.a(libc_a-mlock.o)
 .debug_frame   0x00000330       0x2c C:/ST/STM32CubeCLT_1.16.0/GNU-tools-for-STM32/bin/../lib/gcc/arm-none-eabi/12.3.1/../../../../arm-none-eabi/lib/thumb/v7-m/nofp\libc_nano.a(libc_a-sbrkr.o)
 .debug_frame   0x0000035c       0x68 CMakeFiles/l9963_test.dir/Core/Src/main.c.obj
 .debug_frame   0x000003c4       0x34 CMakeFiles/l9963_test.dir/Core/Src/gpio.c.obj
 .debug_frame   0x000003f8       0x98 CMakeFiles/l9963_test.dir/Core/Src/spi.c.obj
 .debug_frame   0x00000490       0x74 CMakeFiles/l9963_test.dir/Core/Src/usart.c.obj
 .debug_frame   0x00000504      0x120 CMakeFiles/l9963_test.dir/Core/Src/stm32f1xx_it.c.obj
 .debug_frame   0x00000624       0x38 CMakeFiles/l9963_test.dir/Core/Src/stm32f1xx_hal_msp.c.obj
 .debug_frame   0x0000065c      0x1d0 CMakeFiles/l9963_test.dir/Core/Src/l9963_driver.c.obj
 .debug_frame   0x0000082c      0x824 CMakeFiles/l9963_test.dir/Drivers/STM32F1xx_HAL_Driver/Src/stm32f1xx_hal_spi.c.obj
 .debug_frame   0x00001050      0x334 CMakeFiles/l9963_test.dir/Drivers/STM32F1xx_HAL_Driver/Src/stm32f1xx_hal.c.obj
 .debug_frame   0x00001384      0x218 CMakeFiles/l9963_test.dir/Drivers/STM32F1xx_HAL_Driver/Src/stm32f1xx_hal_rcc.c.obj
 .debug_frame   0x0000159c      0x14c CMakeFiles/l9963_test.dir/Drivers/STM32F1xx_HAL_Driver/Src/stm32f1xx_hal_gpio.c.obj
 .debug_frame   0x000016e8      0x428 CMakeFiles/l9963_test.dir/Drivers/STM32F1xx_HAL_Driver/Src/stm32f1xx_hal_cortex.c.obj
 .debug_frame   0x00001b10      0x944 CMakeFiles/l9963_test.dir/Drivers/STM32F1xx_HAL_Driver/Src/stm32f1xx_hal_uart.c.obj
 .debug_frame   0x00002454       0x58 CMakeFiles/l9963_test.dir/Core/Src/system_stm32f1xx.c.obj
 .debug_frame   0x000024ac       0x34 CMakeFiles/l9963_test.dir/Core/Src/sysmem.c.obj
 .debug_frame   0x000024e0       0x30 C:/ST/STM32CubeCLT_1.16.0/GNU-tools-for-STM32/bin/../lib/gcc/arm-none-eabi/12.3.1/thumb/v7-m/nofp\libgcc.a(_arm_muldf3.o)
 .debug_frame   0x00002510       0xac C:/ST/STM32CubeCLT_1.16.0/GNU-tools-for-STM32/bin/../lib/gcc/arm-none-eabi/12.3.1/thumb/v7-m/nofp\libgcc.a(_arm_addsubdf3.o)
 .debug_frame   0x000025bc       0x24 C:/ST/STM32CubeCLT_1.16.0/GNU-tools-for-STM32/bin/../lib/gcc/arm-none-eabi/12.3.1/thumb/v7-m/nofp\libgcc.a(_arm_truncdfsf2.o)
 .debug_frame   0x000025e0       0x4c C:/ST/STM32CubeCLT_1.16.0/GNU-tools-for-STM32/bin/../lib/gcc/arm-none-eabi/12.3.1/thumb/v7-m/nofp\libgcc.a(_arm_addsubsf3.o)
 .debug_frame   0x0000262c       0x6c C:/ST/STM32CubeCLT_1.16.0/GNU-tools-for-STM32/bin/../lib/gcc/arm-none-eabi/12.3.1/../../../../arm-none-eabi/lib/thumb/v7-m/nofp\libg_nano.a(libc_a-sprintf.o)
 .debug_frame   0x00002698       0x20 C:/ST/STM32CubeCLT_1.16.0/GNU-tools-for-STM32/bin/../lib/gcc/arm-none-eabi/12.3.1/../../../../arm-none-eabi/lib/thumb/v7-m/nofp\libg_nano.a(libc_a-errno.o)
 .debug_frame   0x000026b8       0x90 C:/ST/STM32CubeCLT_1.16.0/GNU-tools-for-STM32/bin/../lib/gcc/arm-none-eabi/12.3.1/../../../../arm-none-eabi/lib/thumb/v7-m/nofp\libg_nano.a(libc_a-nano-svfprintf.o)
 .debug_frame   0x00002748       0x60 C:/ST/STM32CubeCLT_1.16.0/GNU-tools-for-STM32/bin/../lib/gcc/arm-none-eabi/12.3.1/../../../../arm-none-eabi/lib/thumb/v7-m/nofp\libg_nano.a(libc_a-nano-vfprintf_i.o)
 .debug_frame   0x000027a8       0x28 C:/ST/STM32CubeCLT_1.16.0/GNU-tools-for-STM32/bin/../lib/gcc/arm-none-eabi/12.3.1/../../../../arm-none-eabi/lib/thumb/v7-m/nofp\libg_nano.a(libc_a-memmove.o)
 .debug_frame   0x000027d0       0x28 C:/ST/STM32CubeCLT_1.16.0/GNU-tools-for-STM32/bin/../lib/gcc/arm-none-eabi/12.3.1/../../../../arm-none-eabi/lib/thumb/v7-m/nofp\libg_nano.a(libc_a-memchr-stub.o)
 .debug_frame   0x000027f8       0x28 C:/ST/STM32CubeCLT_1.16.0/GNU-tools-for-STM32/bin/../lib/gcc/arm-none-eabi/12.3.1/../../../../arm-none-eabi/lib/thumb/v7-m/nofp\libg_nano.a(libc_a-memcpy-stub.o)
 .debug_frame   0x00002820       0x3c C:/ST/STM32CubeCLT_1.16.0/GNU-tools-for-STM32/bin/../lib/gcc/arm-none-eabi/12.3.1/../../../../arm-none-eabi/lib/thumb/v7-m/nofp\libg_nano.a(libc_a-reallocr.o)
 .debug_frame   0x0000285c       0x20 C:/ST/STM32CubeCLT_1.16.0/GNU-tools-for-STM32/bin/../lib/gcc/arm-none-eabi/12.3.1/../../../../arm-none-eabi/lib/thumb/v7-m/nofp\libg_nano.a(libc_a-msizer.o)

.debug_info     0x00000000     0xd664
 .debug_info    0x00000000      0x83c CMakeFiles/l9963_test.dir/Core/Src/main.c.obj
 .debug_info    0x0000083c      0x44e CMakeFiles/l9963_test.dir/Core/Src/gpio.c.obj
 .debug_info    0x00000c8a      0x852 CMakeFiles/l9963_test.dir/Core/Src/spi.c.obj
 .debug_info    0x000014dc      0x798 CMakeFiles/l9963_test.dir/Core/Src/usart.c.obj
 .debug_info    0x00001c74      0x14b CMakeFiles/l9963_test.dir/Core/Src/stm32f1xx_it.c.obj
 .debug_info    0x00001dbf      0x1f1 CMakeFiles/l9963_test.dir/Core/Src/stm32f1xx_hal_msp.c.obj
 .debug_info    0x00001fb0      0xf17 CMakeFiles/l9963_test.dir/Core/Src/l9963_driver.c.obj
 .debug_info    0x00002ec7     0x142d CMakeFiles/l9963_test.dir/Drivers/STM32F1xx_HAL_Driver/Src/stm32f1xx_hal_spi.c.obj
 .debug_info    0x000042f4      0x704 CMakeFiles/l9963_test.dir/Drivers/STM32F1xx_HAL_Driver/Src/stm32f1xx_hal.c.obj
 .debug_info    0x000049f8      0x7d5 CMakeFiles/l9963_test.dir/Drivers/STM32F1xx_HAL_Driver/Src/stm32f1xx_hal_rcc.c.obj
 .debug_info    0x000051cd      0x5ab CMakeFiles/l9963_test.dir/Drivers/STM32F1xx_HAL_Driver/Src/stm32f1xx_hal_gpio.c.obj
 .debug_info    0x00005778      0xa87 CMakeFiles/l9963_test.dir/Drivers/STM32F1xx_HAL_Driver/Src/stm32f1xx_hal_cortex.c.obj
 .debug_info    0x000061ff     0x2eed CMakeFiles/l9963_test.dir/Drivers/STM32F1xx_HAL_Driver/Src/stm32f1xx_hal_uart.c.obj
 .debug_info    0x000090ec      0x222 CMakeFiles/l9963_test.dir/Core/Src/system_stm32f1xx.c.obj
 .debug_info    0x0000930e      0x168 CMakeFiles/l9963_test.dir/Core/Src/sysmem.c.obj
 .debug_info    0x00009476       0x30 CMakeFiles/l9963_test.dir/startup_stm32f103xb.s.obj
 .debug_info    0x000094a6      0x87f C:/ST/STM32CubeCLT_1.16.0/GNU-tools-for-STM32/bin/../lib/gcc/arm-none-eabi/12.3.1/../../../../arm-none-eabi/lib/thumb/v7-m/nofp\libg_nano.a(libc_a-sprintf.o)
 .debug_info    0x00009d25      0x6fb C:/ST/STM32CubeCLT_1.16.0/GNU-tools-for-STM32/bin/../lib/gcc/arm-none-eabi/12.3.1/../../../../arm-none-eabi/lib/thumb/v7-m/nofp\libg_nano.a(libc_a-errno.o)
 .debug_info    0x0000a420     0x10c7 C:/ST/STM32CubeCLT_1.16.0/GNU-tools-for-STM32/bin/../lib/gcc/arm-none-eabi/12.3.1/../../../../arm-none-eabi/lib/thumb/v7-m/nofp\libg_nano.a(libc_a-nano-svfprintf.o)
 .debug_info    0x0000b4e7      0xde2 C:/ST/STM32CubeCLT_1.16.0/GNU-tools-for-STM32/bin/../lib/gcc/arm-none-eabi/12.3.1/../../../../arm-none-eabi/lib/thumb/v7-m/nofp\libg_nano.a(libc_a-nano-vfprintf_i.o)
 .debug_info    0x0000c2c9      0x10f C:/ST/STM32CubeCLT_1.16.0/GNU-tools-for-STM32/bin/../lib/gcc/arm-none-eabi/12.3.1/../../../../arm-none-eabi/lib/thumb/v7-m/nofp\libg_nano.a(libc_a-memmove.o)
 .debug_info    0x0000c3d8      0x110 C:/ST/STM32CubeCLT_1.16.0/GNU-tools-for-STM32/bin/../lib/gcc/arm-none-eabi/12.3.1/../../../../arm-none-eabi/lib/thumb/v7-m/nofp\libg_nano.a(libc_a-memchr-stub.o)
 .debug_info    0x0000c4e8      0x121 C:/ST/STM32CubeCLT_1.16.0/GNU-tools-for-STM32/bin/../lib/gcc/arm-none-eabi/12.3.1/../../../../arm-none-eabi/lib/thumb/v7-m/nofp\libg_nano.a(libc_a-memcpy-stub.o)
 .debug_info    0x0000c609      0x8c7 C:/ST/STM32CubeCLT_1.16.0/GNU-tools-for-STM32/bin/../lib/gcc/arm-none-eabi/12.3.1/../../../../arm-none-eabi/lib/thumb/v7-m/nofp\libg_nano.a(libc_a-reallocr.o)
 .debug_info    0x0000ced0      0x794 C:/ST/STM32CubeCLT_1.16.0/GNU-tools-for-STM32/bin/../lib/gcc/arm-none-eabi/12.3.1/../../../../arm-none-eabi/lib/thumb/v7-m/nofp\libg_nano.a(libc_a-msizer.o)

.debug_abbrev   0x00000000     0x2c07
 .debug_abbrev  0x00000000      0x258 CMakeFiles/l9963_test.dir/Core/Src/main.c.obj
 .debug_abbrev  0x00000258      0x161 CMakeFiles/l9963_test.dir/Core/Src/gpio.c.obj
 .debug_abbrev  0x000003b9      0x1fa CMakeFiles/l9963_test.dir/Core/Src/spi.c.obj
 .debug_abbrev  0x000005b3      0x1e6 CMakeFiles/l9963_test.dir/Core/Src/usart.c.obj
 .debug_abbrev  0x00000799       0xa0 CMakeFiles/l9963_test.dir/Core/Src/stm32f1xx_it.c.obj
 .debug_abbrev  0x00000839       0xdb CMakeFiles/l9963_test.dir/Core/Src/stm32f1xx_hal_msp.c.obj
 .debug_abbrev  0x00000914      0x2fb CMakeFiles/l9963_test.dir/Core/Src/l9963_driver.c.obj
 .debug_abbrev  0x00000c0f      0x27a CMakeFiles/l9963_test.dir/Drivers/STM32F1xx_HAL_Driver/Src/stm32f1xx_hal_spi.c.obj
 .debug_abbrev  0x00000e89      0x201 CMakeFiles/l9963_test.dir/Drivers/STM32F1xx_HAL_Driver/Src/stm32f1xx_hal.c.obj
 .debug_abbrev  0x0000108a      0x2b3 CMakeFiles/l9963_test.dir/Drivers/STM32F1xx_HAL_Driver/Src/stm32f1xx_hal_rcc.c.obj
 .debug_abbrev  0x0000133d      0x1ca CMakeFiles/l9963_test.dir/Drivers/STM32F1xx_HAL_Driver/Src/stm32f1xx_hal_gpio.c.obj
 .debug_abbrev  0x00001507      0x2f8 CMakeFiles/l9963_test.dir/Drivers/STM32F1xx_HAL_Driver/Src/stm32f1xx_hal_cortex.c.obj
 .debug_abbrev  0x000017ff      0x2f8 CMakeFiles/l9963_test.dir/Drivers/STM32F1xx_HAL_Driver/Src/stm32f1xx_hal_uart.c.obj
 .debug_abbrev  0x00001af7      0x13f CMakeFiles/l9963_test.dir/Core/Src/system_stm32f1xx.c.obj
 .debug_abbrev  0x00001c36       0xbc CMakeFiles/l9963_test.dir/Core/Src/sysmem.c.obj
 .debug_abbrev  0x00001cf2       0x24 CMakeFiles/l9963_test.dir/startup_stm32f103xb.s.obj
 .debug_abbrev  0x00001d16      0x21c C:/ST/STM32CubeCLT_1.16.0/GNU-tools-for-STM32/bin/../lib/gcc/arm-none-eabi/12.3.1/../../../../arm-none-eabi/lib/thumb/v7-m/nofp\libg_nano.a(libc_a-sprintf.o)
 .debug_abbrev  0x00001f32      0x15e C:/ST/STM32CubeCLT_1.16.0/GNU-tools-for-STM32/bin/../lib/gcc/arm-none-eabi/12.3.1/../../../../arm-none-eabi/lib/thumb/v7-m/nofp\libg_nano.a(libc_a-errno.o)
 .debug_abbrev  0x00002090      0x31e C:/ST/STM32CubeCLT_1.16.0/GNU-tools-for-STM32/bin/../lib/gcc/arm-none-eabi/12.3.1/../../../../arm-none-eabi/lib/thumb/v7-m/nofp\libg_nano.a(libc_a-nano-svfprintf.o)
 .debug_abbrev  0x000023ae      0x28e C:/ST/STM32CubeCLT_1.16.0/GNU-tools-for-STM32/bin/../lib/gcc/arm-none-eabi/12.3.1/../../../../arm-none-eabi/lib/thumb/v7-m/nofp\libg_nano.a(libc_a-nano-vfprintf_i.o)
 .debug_abbrev  0x0000263c       0xac C:/ST/STM32CubeCLT_1.16.0/GNU-tools-for-STM32/bin/../lib/gcc/arm-none-eabi/12.3.1/../../../../arm-none-eabi/lib/thumb/v7-m/nofp\libg_nano.a(libc_a-memmove.o)
 .debug_abbrev  0x000026e8       0xb1 C:/ST/STM32CubeCLT_1.16.0/GNU-tools-for-STM32/bin/../lib/gcc/arm-none-eabi/12.3.1/../../../../arm-none-eabi/lib/thumb/v7-m/nofp\libg_nano.a(libc_a-memchr-stub.o)
 .debug_abbrev  0x00002799       0xc1 C:/ST/STM32CubeCLT_1.16.0/GNU-tools-for-STM32/bin/../lib/gcc/arm-none-eabi/12.3.1/../../../../arm-none-eabi/lib/thumb/v7-m/nofp\libg_nano.a(libc_a-memcpy-stub.o)
 .debug_abbrev  0x0000285a      0x217 C:/ST/STM32CubeCLT_1.16.0/GNU-tools-for-STM32/bin/../lib/gcc/arm-none-eabi/12.3.1/../../../../arm-none-eabi/lib/thumb/v7-m/nofp\libg_nano.a(libc_a-reallocr.o)
 .debug_abbrev  0x00002a71      0x196 C:/ST/STM32CubeCLT_1.16.0/GNU-tools-for-STM32/bin/../lib/gcc/arm-none-eabi/12.3.1/../../../../arm-none-eabi/lib/thumb/v7-m/nofp\libg_nano.a(libc_a-msizer.o)

.debug_aranges  0x00000000      0xa00
 .debug_aranges
                0x00000000       0x30 CMakeFiles/l9963_test.dir/Core/Src/main.c.obj
 .debug_aranges
                0x00000030       0x20 CMakeFiles/l9963_test.dir/Core/Src/gpio.c.obj
 .debug_aranges
                0x00000050       0x38 CMakeFiles/l9963_test.dir/Core/Src/spi.c.obj
 .debug_aranges
                0x00000088       0x30 CMakeFiles/l9963_test.dir/Core/Src/usart.c.obj
 .debug_aranges
                0x000000b8       0x68 CMakeFiles/l9963_test.dir/Core/Src/stm32f1xx_it.c.obj
 .debug_aranges
                0x00000120       0x20 CMakeFiles/l9963_test.dir/Core/Src/stm32f1xx_hal_msp.c.obj
 .debug_aranges
                0x00000140       0x70 CMakeFiles/l9963_test.dir/Core/Src/l9963_driver.c.obj
 .debug_aranges
                0x000001b0      0x1d0 CMakeFiles/l9963_test.dir/Drivers/STM32F1xx_HAL_Driver/Src/stm32f1xx_hal_spi.c.obj
 .debug_aranges
                0x00000380       0xe0 CMakeFiles/l9963_test.dir/Drivers/STM32F1xx_HAL_Driver/Src/stm32f1xx_hal.c.obj
 .debug_aranges
                0x00000460       0x90 CMakeFiles/l9963_test.dir/Drivers/STM32F1xx_HAL_Driver/Src/stm32f1xx_hal_rcc.c.obj
 .debug_aranges
                0x000004f0       0x58 CMakeFiles/l9963_test.dir/Drivers/STM32F1xx_HAL_Driver/Src/stm32f1xx_hal_gpio.c.obj
 .debug_aranges
                0x00000548      0x100 CMakeFiles/l9963_test.dir/Drivers/STM32F1xx_HAL_Driver/Src/stm32f1xx_hal_cortex.c.obj
 .debug_aranges
                0x00000648      0x208 CMakeFiles/l9963_test.dir/Drivers/STM32F1xx_HAL_Driver/Src/stm32f1xx_hal_uart.c.obj
 .debug_aranges
                0x00000850       0x28 CMakeFiles/l9963_test.dir/Core/Src/system_stm32f1xx.c.obj
 .debug_aranges
                0x00000878       0x20 CMakeFiles/l9963_test.dir/Core/Src/sysmem.c.obj
 .debug_aranges
                0x00000898       0x28 CMakeFiles/l9963_test.dir/startup_stm32f103xb.s.obj
 .debug_aranges
                0x000008c0       0x28 C:/ST/STM32CubeCLT_1.16.0/GNU-tools-for-STM32/bin/../lib/gcc/arm-none-eabi/12.3.1/../../../../arm-none-eabi/lib/thumb/v7-m/nofp\libg_nano.a(libc_a-sprintf.o)
 .debug_aranges
                0x000008e8       0x20 C:/ST/STM32CubeCLT_1.16.0/GNU-tools-for-STM32/bin/../lib/gcc/arm-none-eabi/12.3.1/../../../../arm-none-eabi/lib/thumb/v7-m/nofp\libg_nano.a(libc_a-errno.o)
 .debug_aranges
                0x00000908       0x30 C:/ST/STM32CubeCLT_1.16.0/GNU-tools-for-STM32/bin/../lib/gcc/arm-none-eabi/12.3.1/../../../../arm-none-eabi/lib/thumb/v7-m/nofp\libg_nano.a(libc_a-nano-svfprintf.o)
 .debug_aranges
                0x00000938       0x28 C:/ST/STM32CubeCLT_1.16.0/GNU-tools-for-STM32/bin/../lib/gcc/arm-none-eabi/12.3.1/../../../../arm-none-eabi/lib/thumb/v7-m/nofp\libg_nano.a(libc_a-nano-vfprintf_i.o)
 .debug_aranges
                0x00000960       0x20 C:/ST/STM32CubeCLT_1.16.0/GNU-tools-for-STM32/bin/../lib/gcc/arm-none-eabi/12.3.1/../../../../arm-none-eabi/lib/thumb/v7-m/nofp\libg_nano.a(libc_a-memmove.o)
 .debug_aranges
                0x00000980       0x20 C:/ST/STM32CubeCLT_1.16.0/GNU-tools-for-STM32/bin/../lib/gcc/arm-none-eabi/12.3.1/../../../../arm-none-eabi/lib/thumb/v7-m/nofp\libg_nano.a(libc_a-memchr-stub.o)
 .debug_aranges
                0x000009a0       0x20 C:/ST/STM32CubeCLT_1.16.0/GNU-tools-for-STM32/bin/../lib/gcc/arm-none-eabi/12.3.1/../../../../arm-none-eabi/lib/thumb/v7-m/nofp\libg_nano.a(libc_a-memcpy-stub.o)
 .debug_aranges
                0x000009c0       0x20 C:/ST/STM32CubeCLT_1.16.0/GNU-tools-for-STM32/bin/../lib/gcc/arm-none-eabi/12.3.1/../../../../arm-none-eabi/lib/thumb/v7-m/nofp\libg_nano.a(libc_a-reallocr.o)
 .debug_aranges
                0x000009e0       0x20 C:/ST/STM32CubeCLT_1.16.0/GNU-tools-for-STM32/bin/../lib/gcc/arm-none-eabi/12.3.1/../../../../arm-none-eabi/lib/thumb/v7-m/nofp\libg_nano.a(libc_a-msizer.o)

.debug_rnglists
                0x00000000      0x7e6
 .debug_rnglists
                0x00000000       0x20 CMakeFiles/l9963_test.dir/Core/Src/main.c.obj
 .debug_rnglists
                0x00000020       0x14 CMakeFiles/l9963_test.dir/Core/Src/gpio.c.obj
 .debug_rnglists
                0x00000034       0x26 CMakeFiles/l9963_test.dir/Core/Src/spi.c.obj
 .debug_rnglists
                0x0000005a       0x1f CMakeFiles/l9963_test.dir/Core/Src/usart.c.obj
 .debug_rnglists
                0x00000079       0x49 CMakeFiles/l9963_test.dir/Core/Src/stm32f1xx_it.c.obj
 .debug_rnglists
                0x000000c2       0x13 CMakeFiles/l9963_test.dir/Core/Src/stm32f1xx_hal_msp.c.obj
 .debug_rnglists
                0x000000d5       0x58 CMakeFiles/l9963_test.dir/Core/Src/l9963_driver.c.obj
 .debug_rnglists
                0x0000012d      0x16e CMakeFiles/l9963_test.dir/Drivers/STM32F1xx_HAL_Driver/Src/stm32f1xx_hal_spi.c.obj
 .debug_rnglists
                0x0000029b       0xa3 CMakeFiles/l9963_test.dir/Drivers/STM32F1xx_HAL_Driver/Src/stm32f1xx_hal.c.obj
 .debug_rnglists
                0x0000033e       0x6c CMakeFiles/l9963_test.dir/Drivers/STM32F1xx_HAL_Driver/Src/stm32f1xx_hal_rcc.c.obj
 .debug_rnglists
                0x000003aa       0x3f CMakeFiles/l9963_test.dir/Drivers/STM32F1xx_HAL_Driver/Src/stm32f1xx_hal_gpio.c.obj
 .debug_rnglists
                0x000003e9       0xbb CMakeFiles/l9963_test.dir/Drivers/STM32F1xx_HAL_Driver/Src/stm32f1xx_hal_cortex.c.obj
 .debug_rnglists
                0x000004a4      0x1bc CMakeFiles/l9963_test.dir/Drivers/STM32F1xx_HAL_Driver/Src/stm32f1xx_hal_uart.c.obj
 .debug_rnglists
                0x00000660       0x1a CMakeFiles/l9963_test.dir/Core/Src/system_stm32f1xx.c.obj
 .debug_rnglists
                0x0000067a       0x13 CMakeFiles/l9963_test.dir/Core/Src/sysmem.c.obj
 .debug_rnglists
                0x0000068d       0x19 CMakeFiles/l9963_test.dir/startup_stm32f103xb.s.obj
 .debug_rnglists
                0x000006a6       0x19 C:/ST/STM32CubeCLT_1.16.0/GNU-tools-for-STM32/bin/../lib/gcc/arm-none-eabi/12.3.1/../../../../arm-none-eabi/lib/thumb/v7-m/nofp\libg_nano.a(libc_a-sprintf.o)
 .debug_rnglists
                0x000006bf       0x13 C:/ST/STM32CubeCLT_1.16.0/GNU-tools-for-STM32/bin/../lib/gcc/arm-none-eabi/12.3.1/../../../../arm-none-eabi/lib/thumb/v7-m/nofp\libg_nano.a(libc_a-errno.o)
 .debug_rnglists
                0x000006d2       0x48 C:/ST/STM32CubeCLT_1.16.0/GNU-tools-for-STM32/bin/../lib/gcc/arm-none-eabi/12.3.1/../../../../arm-none-eabi/lib/thumb/v7-m/nofp\libg_nano.a(libc_a-nano-svfprintf.o)
 .debug_rnglists
                0x0000071a       0x6d C:/ST/STM32CubeCLT_1.16.0/GNU-tools-for-STM32/bin/../lib/gcc/arm-none-eabi/12.3.1/../../../../arm-none-eabi/lib/thumb/v7-m/nofp\libg_nano.a(libc_a-nano-vfprintf_i.o)
 .debug_rnglists
                0x00000787       0x13 C:/ST/STM32CubeCLT_1.16.0/GNU-tools-for-STM32/bin/../lib/gcc/arm-none-eabi/12.3.1/../../../../arm-none-eabi/lib/thumb/v7-m/nofp\libg_nano.a(libc_a-memmove.o)
 .debug_rnglists
                0x0000079a       0x13 C:/ST/STM32CubeCLT_1.16.0/GNU-tools-for-STM32/bin/../lib/gcc/arm-none-eabi/12.3.1/../../../../arm-none-eabi/lib/thumb/v7-m/nofp\libg_nano.a(libc_a-memchr-stub.o)
 .debug_rnglists
                0x000007ad       0x13 C:/ST/STM32CubeCLT_1.16.0/GNU-tools-for-STM32/bin/../lib/gcc/arm-none-eabi/12.3.1/../../../../arm-none-eabi/lib/thumb/v7-m/nofp\libg_nano.a(libc_a-memcpy-stub.o)
 .debug_rnglists
                0x000007c0       0x13 C:/ST/STM32CubeCLT_1.16.0/GNU-tools-for-STM32/bin/../lib/gcc/arm-none-eabi/12.3.1/../../../../arm-none-eabi/lib/thumb/v7-m/nofp\libg_nano.a(libc_a-reallocr.o)
 .debug_rnglists
                0x000007d3       0x13 C:/ST/STM32CubeCLT_1.16.0/GNU-tools-for-STM32/bin/../lib/gcc/arm-none-eabi/12.3.1/../../../../arm-none-eabi/lib/thumb/v7-m/nofp\libg_nano.a(libc_a-msizer.o)

.debug_macro    0x00000000    0x180a1
 .debug_macro   0x00000000      0x2a9 CMakeFiles/l9963_test.dir/Core/Src/main.c.obj
 .debug_macro   0x000002a9      0xaa8 CMakeFiles/l9963_test.dir/Core/Src/main.c.obj
 .debug_macro   0x00000d51      0x21b CMakeFiles/l9963_test.dir/Core/Src/main.c.obj
 .debug_macro   0x00000f6c       0x2e CMakeFiles/l9963_test.dir/Core/Src/main.c.obj
 .debug_macro   0x00000f9a       0x22 CMakeFiles/l9963_test.dir/Core/Src/main.c.obj
 .debug_macro   0x00000fbc       0x22 CMakeFiles/l9963_test.dir/Core/Src/main.c.obj
 .debug_macro   0x00000fde       0x8e CMakeFiles/l9963_test.dir/Core/Src/main.c.obj
 .debug_macro   0x0000106c       0x51 CMakeFiles/l9963_test.dir/Core/Src/main.c.obj
 .debug_macro   0x000010bd      0x103 CMakeFiles/l9963_test.dir/Core/Src/main.c.obj
 .debug_macro   0x000011c0       0x6a CMakeFiles/l9963_test.dir/Core/Src/main.c.obj
 .debug_macro   0x0000122a      0x1df CMakeFiles/l9963_test.dir/Core/Src/main.c.obj
 .debug_macro   0x00001409       0x1c CMakeFiles/l9963_test.dir/Core/Src/main.c.obj
 .debug_macro   0x00001425       0x22 CMakeFiles/l9963_test.dir/Core/Src/main.c.obj
 .debug_macro   0x00001447       0xbd CMakeFiles/l9963_test.dir/Core/Src/main.c.obj
 .debug_macro   0x00001504      0xd23 CMakeFiles/l9963_test.dir/Core/Src/main.c.obj
 .debug_macro   0x00002227     0xe09e CMakeFiles/l9963_test.dir/Core/Src/main.c.obj
 .debug_macro   0x000102c5       0x6d CMakeFiles/l9963_test.dir/Core/Src/main.c.obj
 .debug_macro   0x00010332     0x34a2 CMakeFiles/l9963_test.dir/Core/Src/main.c.obj
 .debug_macro   0x000137d4      0x189 CMakeFiles/l9963_test.dir/Core/Src/main.c.obj
 .debug_macro   0x0001395d       0x5c CMakeFiles/l9963_test.dir/Core/Src/main.c.obj
 .debug_macro   0x000139b9      0x5bc CMakeFiles/l9963_test.dir/Core/Src/main.c.obj
 .debug_macro   0x00013f75      0x289 CMakeFiles/l9963_test.dir/Core/Src/main.c.obj
 .debug_macro   0x000141fe      0x1cb CMakeFiles/l9963_test.dir/Core/Src/main.c.obj
 .debug_macro   0x000143c9      0x114 CMakeFiles/l9963_test.dir/Core/Src/main.c.obj
 .debug_macro   0x000144dd      0x1b2 CMakeFiles/l9963_test.dir/Core/Src/main.c.obj
 .debug_macro   0x0001468f       0x27 CMakeFiles/l9963_test.dir/Core/Src/main.c.obj
 .debug_macro   0x000146b6      0x136 CMakeFiles/l9963_test.dir/Core/Src/main.c.obj
 .debug_macro   0x000147ec      0x1bc CMakeFiles/l9963_test.dir/Core/Src/main.c.obj
 .debug_macro   0x000149a8       0x34 CMakeFiles/l9963_test.dir/Core/Src/main.c.obj
 .debug_macro   0x000149dc       0x3c CMakeFiles/l9963_test.dir/Core/Src/main.c.obj
 .debug_macro   0x00014a18       0x57 CMakeFiles/l9963_test.dir/Core/Src/main.c.obj
 .debug_macro   0x00014a6f       0x87 CMakeFiles/l9963_test.dir/Core/Src/main.c.obj
 .debug_macro   0x00014af6      0x240 CMakeFiles/l9963_test.dir/Core/Src/main.c.obj
 .debug_macro   0x00014d36      0x140 CMakeFiles/l9963_test.dir/Core/Src/main.c.obj
 .debug_macro   0x00014e76      0x217 CMakeFiles/l9963_test.dir/Core/Src/main.c.obj
 .debug_macro   0x0001508d      0x28e CMakeFiles/l9963_test.dir/Core/Src/main.c.obj
 .debug_macro   0x0001531b       0x83 CMakeFiles/l9963_test.dir/Core/Src/main.c.obj
 .debug_macro   0x0001539e       0x5e CMakeFiles/l9963_test.dir/Core/Src/main.c.obj
 .debug_macro   0x000153fc       0x22 CMakeFiles/l9963_test.dir/Core/Src/main.c.obj
 .debug_macro   0x0001541e       0x74 CMakeFiles/l9963_test.dir/Core/Src/main.c.obj
 .debug_macro   0x00015492       0x24 CMakeFiles/l9963_test.dir/Core/Src/main.c.obj
 .debug_macro   0x000154b6       0x3c CMakeFiles/l9963_test.dir/Core/Src/main.c.obj
 .debug_macro   0x000154f2       0x34 CMakeFiles/l9963_test.dir/Core/Src/main.c.obj
 .debug_macro   0x00015526       0x16 CMakeFiles/l9963_test.dir/Core/Src/main.c.obj
 .debug_macro   0x0001553c       0x35 CMakeFiles/l9963_test.dir/Core/Src/main.c.obj
 .debug_macro   0x00015571      0x369 CMakeFiles/l9963_test.dir/Core/Src/main.c.obj
 .debug_macro   0x000158da       0x10 CMakeFiles/l9963_test.dir/Core/Src/main.c.obj
 .debug_macro   0x000158ea       0x16 CMakeFiles/l9963_test.dir/Core/Src/main.c.obj
 .debug_macro   0x00015900       0x43 CMakeFiles/l9963_test.dir/Core/Src/main.c.obj
 .debug_macro   0x00015943       0x34 CMakeFiles/l9963_test.dir/Core/Src/main.c.obj
 .debug_macro   0x00015977       0x10 CMakeFiles/l9963_test.dir/Core/Src/main.c.obj
 .debug_macro   0x00015987       0x58 CMakeFiles/l9963_test.dir/Core/Src/main.c.obj
 .debug_macro   0x000159df      0x1de CMakeFiles/l9963_test.dir/Core/Src/main.c.obj
 .debug_macro   0x00015bbd       0x16 CMakeFiles/l9963_test.dir/Core/Src/main.c.obj
 .debug_macro   0x00015bd3       0x16 CMakeFiles/l9963_test.dir/Core/Src/main.c.obj
 .debug_macro   0x00015be9      0x170 CMakeFiles/l9963_test.dir/Core/Src/main.c.obj
 .debug_macro   0x00015d59      0x1b1 CMakeFiles/l9963_test.dir/Core/Src/gpio.c.obj
 .debug_macro   0x00015f0a      0x1b1 CMakeFiles/l9963_test.dir/Core/Src/spi.c.obj
 .debug_macro   0x000160bb      0x1b1 CMakeFiles/l9963_test.dir/Core/Src/usart.c.obj
 .debug_macro   0x0001626c      0x1b1 CMakeFiles/l9963_test.dir/Core/Src/stm32f1xx_it.c.obj
 .debug_macro   0x0001641d      0x1a7 CMakeFiles/l9963_test.dir/Core/Src/stm32f1xx_hal_msp.c.obj
 .debug_macro   0x000165c4      0x34b CMakeFiles/l9963_test.dir/Core/Src/l9963_driver.c.obj
 .debug_macro   0x0001690f       0x6e CMakeFiles/l9963_test.dir/Core/Src/l9963_driver.c.obj
 .debug_macro   0x0001697d       0x94 CMakeFiles/l9963_test.dir/Core/Src/l9963_driver.c.obj
 .debug_macro   0x00016a11       0x57 CMakeFiles/l9963_test.dir/Core/Src/l9963_driver.c.obj
 .debug_macro   0x00016a68       0x9e CMakeFiles/l9963_test.dir/Core/Src/l9963_driver.c.obj
 .debug_macro   0x00016b06      0x10b CMakeFiles/l9963_test.dir/Core/Src/l9963_driver.c.obj
 .debug_macro   0x00016c11      0x4cc CMakeFiles/l9963_test.dir/Core/Src/l9963_driver.c.obj
 .debug_macro   0x000170dd       0x56 CMakeFiles/l9963_test.dir/Core/Src/l9963_driver.c.obj
 .debug_macro   0x00017133       0x64 CMakeFiles/l9963_test.dir/Core/Src/l9963_driver.c.obj
 .debug_macro   0x00017197      0x1a0 CMakeFiles/l9963_test.dir/Drivers/STM32F1xx_HAL_Driver/Src/stm32f1xx_hal_spi.c.obj
 .debug_macro   0x00017337      0x1bc CMakeFiles/l9963_test.dir/Drivers/STM32F1xx_HAL_Driver/Src/stm32f1xx_hal.c.obj
 .debug_macro   0x000174f3      0x1aa CMakeFiles/l9963_test.dir/Drivers/STM32F1xx_HAL_Driver/Src/stm32f1xx_hal_rcc.c.obj
 .debug_macro   0x0001769d      0x203 CMakeFiles/l9963_test.dir/Drivers/STM32F1xx_HAL_Driver/Src/stm32f1xx_hal_gpio.c.obj
 .debug_macro   0x000178a0      0x198 CMakeFiles/l9963_test.dir/Drivers/STM32F1xx_HAL_Driver/Src/stm32f1xx_hal_cortex.c.obj
 .debug_macro   0x00017a38      0x199 CMakeFiles/l9963_test.dir/Drivers/STM32F1xx_HAL_Driver/Src/stm32f1xx_hal_uart.c.obj
 .debug_macro   0x00017bd1      0x198 CMakeFiles/l9963_test.dir/Core/Src/system_stm32f1xx.c.obj
 .debug_macro   0x00017d69       0xec CMakeFiles/l9963_test.dir/Core/Src/sysmem.c.obj
 .debug_macro   0x00017e55       0x10 CMakeFiles/l9963_test.dir/Core/Src/sysmem.c.obj
 .debug_macro   0x00017e65      0x23c CMakeFiles/l9963_test.dir/Core/Src/sysmem.c.obj

.debug_line     0x00000000     0xe053
 .debug_line    0x00000000      0x901 CMakeFiles/l9963_test.dir/Core/Src/main.c.obj
 .debug_line    0x00000901      0x7c2 CMakeFiles/l9963_test.dir/Core/Src/gpio.c.obj
 .debug_line    0x000010c3      0x838 CMakeFiles/l9963_test.dir/Core/Src/spi.c.obj
 .debug_line    0x000018fb      0x80c CMakeFiles/l9963_test.dir/Core/Src/usart.c.obj
 .debug_line    0x00002107      0x881 CMakeFiles/l9963_test.dir/Core/Src/stm32f1xx_it.c.obj
 .debug_line    0x00002988      0x7a8 CMakeFiles/l9963_test.dir/Core/Src/stm32f1xx_hal_msp.c.obj
 .debug_line    0x00003130      0xe05 CMakeFiles/l9963_test.dir/Core/Src/l9963_driver.c.obj
 .debug_line    0x00003f35     0x1d76 CMakeFiles/l9963_test.dir/Drivers/STM32F1xx_HAL_Driver/Src/stm32f1xx_hal_spi.c.obj
 .debug_line    0x00005cab      0xa52 CMakeFiles/l9963_test.dir/Drivers/STM32F1xx_HAL_Driver/Src/stm32f1xx_hal.c.obj
 .debug_line    0x000066fd      0xe5b CMakeFiles/l9963_test.dir/Drivers/STM32F1xx_HAL_Driver/Src/stm32f1xx_hal_rcc.c.obj
 .debug_line    0x00007558      0xaeb CMakeFiles/l9963_test.dir/Drivers/STM32F1xx_HAL_Driver/Src/stm32f1xx_hal_gpio.c.obj
 .debug_line    0x00008043      0xc3e CMakeFiles/l9963_test.dir/Drivers/STM32F1xx_HAL_Driver/Src/stm32f1xx_hal_cortex.c.obj
 .debug_line    0x00008c81     0x2931 CMakeFiles/l9963_test.dir/Drivers/STM32F1xx_HAL_Driver/Src/stm32f1xx_hal_uart.c.obj
 .debug_line    0x0000b5b2      0x825 CMakeFiles/l9963_test.dir/Core/Src/system_stm32f1xx.c.obj
 .debug_line    0x0000bdd7      0x36d CMakeFiles/l9963_test.dir/Core/Src/sysmem.c.obj
 .debug_line    0x0000c144       0x78 CMakeFiles/l9963_test.dir/startup_stm32f103xb.s.obj
 .debug_line    0x0000c1bc      0x2ba C:/ST/STM32CubeCLT_1.16.0/GNU-tools-for-STM32/bin/../lib/gcc/arm-none-eabi/12.3.1/../../../../arm-none-eabi/lib/thumb/v7-m/nofp\libg_nano.a(libc_a-sprintf.o)
 .debug_line    0x0000c476      0x185 C:/ST/STM32CubeCLT_1.16.0/GNU-tools-for-STM32/bin/../lib/gcc/arm-none-eabi/12.3.1/../../../../arm-none-eabi/lib/thumb/v7-m/nofp\libg_nano.a(libc_a-errno.o)
 .debug_line    0x0000c5fb      0x8ac C:/ST/STM32CubeCLT_1.16.0/GNU-tools-for-STM32/bin/../lib/gcc/arm-none-eabi/12.3.1/../../../../arm-none-eabi/lib/thumb/v7-m/nofp\libg_nano.a(libc_a-nano-svfprintf.o)
 .debug_line    0x0000cea7      0x771 C:/ST/STM32CubeCLT_1.16.0/GNU-tools-for-STM32/bin/../lib/gcc/arm-none-eabi/12.3.1/../../../../arm-none-eabi/lib/thumb/v7-m/nofp\libg_nano.a(libc_a-nano-vfprintf_i.o)
 .debug_line    0x0000d618      0x1bb C:/ST/STM32CubeCLT_1.16.0/GNU-tools-for-STM32/bin/../lib/gcc/arm-none-eabi/12.3.1/../../../../arm-none-eabi/lib/thumb/v7-m/nofp\libg_nano.a(libc_a-memmove.o)
 .debug_line    0x0000d7d3      0x1fe C:/ST/STM32CubeCLT_1.16.0/GNU-tools-for-STM32/bin/../lib/gcc/arm-none-eabi/12.3.1/../../../../arm-none-eabi/lib/thumb/v7-m/nofp\libg_nano.a(libc_a-memchr-stub.o)
 .debug_line    0x0000d9d1      0x207 C:/ST/STM32CubeCLT_1.16.0/GNU-tools-for-STM32/bin/../lib/gcc/arm-none-eabi/12.3.1/../../../../arm-none-eabi/lib/thumb/v7-m/nofp\libg_nano.a(libc_a-memcpy-stub.o)
 .debug_line    0x0000dbd8      0x276 C:/ST/STM32CubeCLT_1.16.0/GNU-tools-for-STM32/bin/../lib/gcc/arm-none-eabi/12.3.1/../../../../arm-none-eabi/lib/thumb/v7-m/nofp\libg_nano.a(libc_a-reallocr.o)
 .debug_line    0x0000de4e      0x205 C:/ST/STM32CubeCLT_1.16.0/GNU-tools-for-STM32/bin/../lib/gcc/arm-none-eabi/12.3.1/../../../../arm-none-eabi/lib/thumb/v7-m/nofp\libg_nano.a(libc_a-msizer.o)

.debug_str      0x00000000    0x85c71
 .debug_str     0x00000000    0x813a9 CMakeFiles/l9963_test.dir/Core/Src/main.c.obj
                              0x81756 (size before relaxing)
 .debug_str     0x000813a9      0x3b8 CMakeFiles/l9963_test.dir/Core/Src/gpio.c.obj
                              0x7e306 (size before relaxing)
 .debug_str     0x00081761      0x247 CMakeFiles/l9963_test.dir/Core/Src/spi.c.obj
                              0x7e470 (size before relaxing)
 .debug_str     0x000819a8       0xa1 CMakeFiles/l9963_test.dir/Core/Src/usart.c.obj
                              0x7e447 (size before relaxing)
 .debug_str     0x00081a49      0x147 CMakeFiles/l9963_test.dir/Core/Src/stm32f1xx_it.c.obj
                              0x7dfde (size before relaxing)
 .debug_str     0x00081b90       0xaa CMakeFiles/l9963_test.dir/Core/Src/stm32f1xx_hal_msp.c.obj
                              0x7df87 (size before relaxing)
 .debug_str     0x00081c3a     0x1707 CMakeFiles/l9963_test.dir/Core/Src/l9963_driver.c.obj
                              0x82e2c (size before relaxing)
 .debug_str     0x00083341      0x5bf CMakeFiles/l9963_test.dir/Drivers/STM32F1xx_HAL_Driver/Src/stm32f1xx_hal_spi.c.obj
                              0x7e78c (size before relaxing)
 .debug_str     0x00083900      0x3be CMakeFiles/l9963_test.dir/Drivers/STM32F1xx_HAL_Driver/Src/stm32f1xx_hal.c.obj
                              0x7e599 (size before relaxing)
 .debug_str     0x00083cbe      0x28a CMakeFiles/l9963_test.dir/Drivers/STM32F1xx_HAL_Driver/Src/stm32f1xx_hal_rcc.c.obj
                              0x7e295 (size before relaxing)
 .debug_str     0x00083f48      0x31d CMakeFiles/l9963_test.dir/Drivers/STM32F1xx_HAL_Driver/Src/stm32f1xx_hal_gpio.c.obj
                              0x7e1ec (size before relaxing)
 .debug_str     0x00084265      0x2ee CMakeFiles/l9963_test.dir/Drivers/STM32F1xx_HAL_Driver/Src/stm32f1xx_hal_cortex.c.obj
                              0x7e4e5 (size before relaxing)
 .debug_str     0x00084553      0x65c CMakeFiles/l9963_test.dir/Drivers/STM32F1xx_HAL_Driver/Src/stm32f1xx_hal_uart.c.obj
                              0x7e906 (size before relaxing)
 .debug_str     0x00084baf       0xa2 CMakeFiles/l9963_test.dir/Core/Src/system_stm32f1xx.c.obj
                              0x7de66 (size before relaxing)
 .debug_str     0x00084c51      0x52c CMakeFiles/l9963_test.dir/Core/Src/sysmem.c.obj
                               0x5adb (size before relaxing)
 .debug_str     0x0008517d       0x85 CMakeFiles/l9963_test.dir/startup_stm32f103xb.s.obj
                                 0xe4 (size before relaxing)
 .debug_str     0x00085202      0x443 C:/ST/STM32CubeCLT_1.16.0/GNU-tools-for-STM32/bin/../lib/gcc/arm-none-eabi/12.3.1/../../../../arm-none-eabi/lib/thumb/v7-m/nofp\libg_nano.a(libc_a-sprintf.o)
                                0x568 (size before relaxing)
 .debug_str     0x00085645       0x58 C:/ST/STM32CubeCLT_1.16.0/GNU-tools-for-STM32/bin/../lib/gcc/arm-none-eabi/12.3.1/../../../../arm-none-eabi/lib/thumb/v7-m/nofp\libg_nano.a(libc_a-errno.o)
                                0x523 (size before relaxing)
 .debug_str     0x0008569d      0x2b4 C:/ST/STM32CubeCLT_1.16.0/GNU-tools-for-STM32/bin/../lib/gcc/arm-none-eabi/12.3.1/../../../../arm-none-eabi/lib/thumb/v7-m/nofp\libg_nano.a(libc_a-nano-svfprintf.o)
                                0x872 (size before relaxing)
 .debug_str     0x00085951       0xba C:/ST/STM32CubeCLT_1.16.0/GNU-tools-for-STM32/bin/../lib/gcc/arm-none-eabi/12.3.1/../../../../arm-none-eabi/lib/thumb/v7-m/nofp\libg_nano.a(libc_a-nano-vfprintf_i.o)
                                0x808 (size before relaxing)
 .debug_str     0x00085a0b       0x74 C:/ST/STM32CubeCLT_1.16.0/GNU-tools-for-STM32/bin/../lib/gcc/arm-none-eabi/12.3.1/../../../../arm-none-eabi/lib/thumb/v7-m/nofp\libg_nano.a(libc_a-memmove.o)
                                0x224 (size before relaxing)
 .debug_str     0x00085a7f       0x64 C:/ST/STM32CubeCLT_1.16.0/GNU-tools-for-STM32/bin/../lib/gcc/arm-none-eabi/12.3.1/../../../../arm-none-eabi/lib/thumb/v7-m/nofp\libg_nano.a(libc_a-memchr-stub.o)
                                0x223 (size before relaxing)
 .debug_str     0x00085ae3       0x78 C:/ST/STM32CubeCLT_1.16.0/GNU-tools-for-STM32/bin/../lib/gcc/arm-none-eabi/12.3.1/../../../../arm-none-eabi/lib/thumb/v7-m/nofp\libg_nano.a(libc_a-memcpy-stub.o)
                                0x227 (size before relaxing)
 .debug_str     0x00085b5b       0xad C:/ST/STM32CubeCLT_1.16.0/GNU-tools-for-STM32/bin/../lib/gcc/arm-none-eabi/12.3.1/../../../../arm-none-eabi/lib/thumb/v7-m/nofp\libg_nano.a(libc_a-reallocr.o)
                                0x59f (size before relaxing)
 .debug_str     0x00085c08       0x69 C:/ST/STM32CubeCLT_1.16.0/GNU-tools-for-STM32/bin/../lib/gcc/arm-none-eabi/12.3.1/../../../../arm-none-eabi/lib/thumb/v7-m/nofp\libg_nano.a(libc_a-msizer.o)
                                0x572 (size before relaxing)

.comment        0x00000000       0x43
 .comment       0x00000000       0x43 CMakeFiles/l9963_test.dir/Core/Src/main.c.obj
                                 0x44 (size before relaxing)
 .comment       0x00000043       0x44 CMakeFiles/l9963_test.dir/Core/Src/gpio.c.obj
 .comment       0x00000043       0x44 CMakeFiles/l9963_test.dir/Core/Src/spi.c.obj
 .comment       0x00000043       0x44 CMakeFiles/l9963_test.dir/Core/Src/usart.c.obj
 .comment       0x00000043       0x44 CMakeFiles/l9963_test.dir/Core/Src/stm32f1xx_it.c.obj
 .comment       0x00000043       0x44 CMakeFiles/l9963_test.dir/Core/Src/stm32f1xx_hal_msp.c.obj
 .comment       0x00000043       0x44 CMakeFiles/l9963_test.dir/Core/Src/l9963_driver.c.obj
 .comment       0x00000043       0x44 CMakeFiles/l9963_test.dir/Drivers/STM32F1xx_HAL_Driver/Src/stm32f1xx_hal_spi.c.obj
 .comment       0x00000043       0x44 CMakeFiles/l9963_test.dir/Drivers/STM32F1xx_HAL_Driver/Src/stm32f1xx_hal.c.obj
 .comment       0x00000043       0x44 CMakeFiles/l9963_test.dir/Drivers/STM32F1xx_HAL_Driver/Src/stm32f1xx_hal_rcc.c.obj
 .comment       0x00000043       0x44 CMakeFiles/l9963_test.dir/Drivers/STM32F1xx_HAL_Driver/Src/stm32f1xx_hal_gpio.c.obj
 .comment       0x00000043       0x44 CMakeFiles/l9963_test.dir/Drivers/STM32F1xx_HAL_Driver/Src/stm32f1xx_hal_cortex.c.obj
 .comment       0x00000043       0x44 CMakeFiles/l9963_test.dir/Drivers/STM32F1xx_HAL_Driver/Src/stm32f1xx_hal_uart.c.obj
 .comment       0x00000043       0x44 CMakeFiles/l9963_test.dir/Core/Src/system_stm32f1xx.c.obj
 .comment       0x00000043       0x44 CMakeFiles/l9963_test.dir/Core/Src/sysmem.c.obj
 .comment       0x00000043       0x44 C:/ST/STM32CubeCLT_1.16.0/GNU-tools-for-STM32/bin/../lib/gcc/arm-none-eabi/12.3.1/../../../../arm-none-eabi/lib/thumb/v7-m/nofp\libg_nano.a(libc_a-sprintf.o)
 .comment       0x00000043       0x44 C:/ST/STM32CubeCLT_1.16.0/GNU-tools-for-STM32/bin/../lib/gcc/arm-none-eabi/12.3.1/../../../../arm-none-eabi/lib/thumb/v7-m/nofp\libg_nano.a(libc_a-errno.o)
 .comment       0x00000043       0x44 C:/ST/STM32CubeCLT_1.16.0/GNU-tools-for-STM32/bin/../lib/gcc/arm-none-eabi/12.3.1/../../../../arm-none-eabi/lib/thumb/v7-m/nofp\libg_nano.a(libc_a-nano-svfprintf.o)
 .comment       0x00000043       0x44 C:/ST/STM32CubeCLT_1.16.0/GNU-tools-for-STM32/bin/../lib/gcc/arm-none-eabi/12.3.1/../../../../arm-none-eabi/lib/thumb/v7-m/nofp\libg_nano.a(libc_a-nano-vfprintf_i.o)
 .comment       0x00000043       0x44 C:/ST/STM32CubeCLT_1.16.0/GNU-tools-for-STM32/bin/../lib/gcc/arm-none-eabi/12.3.1/../../../../arm-none-eabi/lib/thumb/v7-m/nofp\libg_nano.a(libc_a-memmove.o)
 .comment       0x00000043       0x44 C:/ST/STM32CubeCLT_1.16.0/GNU-tools-for-STM32/bin/../lib/gcc/arm-none-eabi/12.3.1/../../../../arm-none-eabi/lib/thumb/v7-m/nofp\libg_nano.a(libc_a-memchr-stub.o)
 .comment       0x00000043       0x44 C:/ST/STM32CubeCLT_1.16.0/GNU-tools-for-STM32/bin/../lib/gcc/arm-none-eabi/12.3.1/../../../../arm-none-eabi/lib/thumb/v7-m/nofp\libg_nano.a(libc_a-memcpy-stub.o)
 .comment       0x00000043       0x44 C:/ST/STM32CubeCLT_1.16.0/GNU-tools-for-STM32/bin/../lib/gcc/arm-none-eabi/12.3.1/../../../../arm-none-eabi/lib/thumb/v7-m/nofp\libg_nano.a(libc_a-reallocr.o)
 .comment       0x00000043       0x44 C:/ST/STM32CubeCLT_1.16.0/GNU-tools-for-STM32/bin/../lib/gcc/arm-none-eabi/12.3.1/../../../../arm-none-eabi/lib/thumb/v7-m/nofp\libg_nano.a(libc_a-msizer.o)

.debug_line_str
                0x00000000       0xc8
 .debug_line_str
                0x00000000       0xc8 CMakeFiles/l9963_test.dir/startup_stm32f103xb.s.obj

.debug_loclists
                0x00000000      0xcdd
 .debug_loclists
                0x00000000       0x89 C:/ST/STM32CubeCLT_1.16.0/GNU-tools-for-STM32/bin/../lib/gcc/arm-none-eabi/12.3.1/../../../../arm-none-eabi/lib/thumb/v7-m/nofp\libg_nano.a(libc_a-sprintf.o)
 .debug_loclists
                0x00000089      0x464 C:/ST/STM32CubeCLT_1.16.0/GNU-tools-for-STM32/bin/../lib/gcc/arm-none-eabi/12.3.1/../../../../arm-none-eabi/lib/thumb/v7-m/nofp\libg_nano.a(libc_a-nano-svfprintf.o)
 .debug_loclists
                0x000004ed      0x427 C:/ST/STM32CubeCLT_1.16.0/GNU-tools-for-STM32/bin/../lib/gcc/arm-none-eabi/12.3.1/../../../../arm-none-eabi/lib/thumb/v7-m/nofp\libg_nano.a(libc_a-nano-vfprintf_i.o)
 .debug_loclists
                0x00000914      0x119 C:/ST/STM32CubeCLT_1.16.0/GNU-tools-for-STM32/bin/../lib/gcc/arm-none-eabi/12.3.1/../../../../arm-none-eabi/lib/thumb/v7-m/nofp\libg_nano.a(libc_a-memmove.o)
 .debug_loclists
                0x00000a2d       0xbb C:/ST/STM32CubeCLT_1.16.0/GNU-tools-for-STM32/bin/../lib/gcc/arm-none-eabi/12.3.1/../../../../arm-none-eabi/lib/thumb/v7-m/nofp\libg_nano.a(libc_a-memchr-stub.o)
 .debug_loclists
                0x00000ae8       0x8f C:/ST/STM32CubeCLT_1.16.0/GNU-tools-for-STM32/bin/../lib/gcc/arm-none-eabi/12.3.1/../../../../arm-none-eabi/lib/thumb/v7-m/nofp\libg_nano.a(libc_a-memcpy-stub.o)
 .debug_loclists
                0x00000b77      0x104 C:/ST/STM32CubeCLT_1.16.0/GNU-tools-for-STM32/bin/../lib/gcc/arm-none-eabi/12.3.1/../../../../arm-none-eabi/lib/thumb/v7-m/nofp\libg_nano.a(libc_a-reallocr.o)
 .debug_loclists
                0x00000c7b       0x62 C:/ST/STM32CubeCLT_1.16.0/GNU-tools-for-STM32/bin/../lib/gcc/arm-none-eabi/12.3.1/../../../../arm-none-eabi/lib/thumb/v7-m/nofp\libg_nano.a(libc_a-msizer.o)
